<?xml version="1.0" encoding="ISO-8859-1" ?>
<link_info>
   <banner>TI ARM Linker PC v20.2.7.LTS</banner>
   <copyright>Copyright (c) 1996-2018 Texas Instruments Incorporated</copyright>
   <link_time>0x63935360</link_time>
   <link_errors>0x0</link_errors>
   <output_file>nintondo.out</output_file>
   <entry_point>
      <name>_c_int00_noargs</name>
      <address>0x14ead</address>
   </entry_point>
   <input_file_list>
      <input_file id="fl-2">
         <path>.\</path>
         <kind>object</kind>
         <file>HAL_I2C.obj</file>
         <name>HAL_I2C.obj</name>
      </input_file>
      <input_file id="fl-3">
         <path>.\</path>
         <kind>object</kind>
         <file>HAL_OPT3001.obj</file>
         <name>HAL_OPT3001.obj</name>
      </input_file>
      <input_file id="fl-4">
         <path>.\</path>
         <kind>object</kind>
         <file>HAL_TMP006.obj</file>
         <name>HAL_TMP006.obj</name>
      </input_file>
      <input_file id="fl-5">
         <path>.\</path>
         <kind>object</kind>
         <file>main.obj</file>
         <name>main.obj</name>
      </input_file>
      <input_file id="fl-6">
         <path>.\</path>
         <kind>object</kind>
         <file>startup_msp432p401r_ccs.obj</file>
         <name>startup_msp432p401r_ccs.obj</name>
      </input_file>
      <input_file id="fl-7">
         <path>.\</path>
         <kind>object</kind>
         <file>system_msp432p401r.obj</file>
         <name>system_msp432p401r.obj</name>
      </input_file>
      <input_file id="fl-8">
         <path>.\Code\Games\</path>
         <kind>object</kind>
         <file>floppyDisk.obj</file>
         <name>floppyDisk.obj</name>
      </input_file>
      <input_file id="fl-9">
         <path>.\Code\Games\</path>
         <kind>object</kind>
         <file>gameHub.obj</file>
         <name>gameHub.obj</name>
      </input_file>
      <input_file id="fl-a">
         <path>.\Code\Games\</path>
         <kind>object</kind>
         <file>pong.obj</file>
         <name>pong.obj</name>
      </input_file>
      <input_file id="fl-b">
         <path>.\Code\Games\</path>
         <kind>object</kind>
         <file>rhinoRunner.obj</file>
         <name>rhinoRunner.obj</name>
      </input_file>
      <input_file id="fl-c">
         <path>.\Code\Games\</path>
         <kind>object</kind>
         <file>snake.obj</file>
         <name>snake.obj</name>
      </input_file>
      <input_file id="fl-d">
         <path>.\Code\Utilities\</path>
         <kind>object</kind>
         <file>init.obj</file>
         <name>init.obj</name>
      </input_file>
      <input_file id="fl-e">
         <path>.\Code\Utilities\</path>
         <kind>object</kind>
         <file>linkedList.obj</file>
         <name>linkedList.obj</name>
      </input_file>
      <input_file id="fl-f">
         <path>.\Code\Utilities\</path>
         <kind>object</kind>
         <file>list.obj</file>
         <name>list.obj</name>
      </input_file>
      <input_file id="fl-10">
         <path>.\Code\Utilities\</path>
         <kind>object</kind>
         <file>utilities.obj</file>
         <name>utilities.obj</name>
      </input_file>
      <input_file id="fl-11">
         <path>.\LcdDriver\</path>
         <kind>object</kind>
         <file>Crystalfontz128x128_ST7735.obj</file>
         <name>Crystalfontz128x128_ST7735.obj</name>
      </input_file>
      <input_file id="fl-12">
         <path>.\LcdDriver\</path>
         <kind>object</kind>
         <file>HAL_MSP_EXP432P401R_Crystalfontz128x128_ST7735.obj</file>
         <name>HAL_MSP_EXP432P401R_Crystalfontz128x128_ST7735.obj</name>
      </input_file>
      <input_file id="fl-18">
         <kind>object</kind>
         <file>&lt;internal&gt;</file>
         <name>&lt;internal&gt;</name>
      </input_file>
      <input_file id="fl-ce">
         <path>C:\ti\ccs1210\ccs\tools\compiler\ti-cgt-arm_20.2.7.LTS\lib\</path>
         <kind>archive</kind>
         <file>rtsv7M4_T_le_v4SPD16_eabi.lib</file>
         <name>e_pow.c.obj</name>
      </input_file>
      <input_file id="fl-cf">
         <path>C:\ti\ccs1210\ccs\tools\compiler\ti-cgt-arm_20.2.7.LTS\lib\</path>
         <kind>archive</kind>
         <file>rtsv7M4_T_le_v4SPD16_eabi.lib</file>
         <name>e_sqrt.c.obj</name>
      </input_file>
      <input_file id="fl-d0">
         <path>C:\ti\ccs1210\ccs\tools\compiler\ti-cgt-arm_20.2.7.LTS\lib\</path>
         <kind>archive</kind>
         <file>rtsv7M4_T_le_v4SPD16_eabi.lib</file>
         <name>s_scalbn.c.obj</name>
      </input_file>
      <input_file id="fl-d1">
         <path>C:\ti\ccs1210\ccs\tools\compiler\ti-cgt-arm_20.2.7.LTS\lib\</path>
         <kind>archive</kind>
         <file>rtsv7M4_T_le_v4SPD16_eabi.lib</file>
         <name>printf.c.obj</name>
      </input_file>
      <input_file id="fl-d2">
         <path>C:\ti\ccs1210\ccs\tools\compiler\ti-cgt-arm_20.2.7.LTS\lib\</path>
         <kind>archive</kind>
         <file>rtsv7M4_T_le_v4SPD16_eabi.lib</file>
         <name>_printfi.c.obj</name>
      </input_file>
      <input_file id="fl-d3">
         <path>C:\ti\ccs1210\ccs\tools\compiler\ti-cgt-arm_20.2.7.LTS\lib\</path>
         <kind>archive</kind>
         <file>rtsv7M4_T_le_v4SPD16_eabi.lib</file>
         <name>sprintf.c.obj</name>
      </input_file>
      <input_file id="fl-d4">
         <path>C:\ti\ccs1210\ccs\tools\compiler\ti-cgt-arm_20.2.7.LTS\lib\</path>
         <kind>archive</kind>
         <file>rtsv7M4_T_le_v4SPD16_eabi.lib</file>
         <name>fputc.c.obj</name>
      </input_file>
      <input_file id="fl-d5">
         <path>C:\ti\ccs1210\ccs\tools\compiler\ti-cgt-arm_20.2.7.LTS\lib\</path>
         <kind>archive</kind>
         <file>rtsv7M4_T_le_v4SPD16_eabi.lib</file>
         <name>fputs.c.obj</name>
      </input_file>
      <input_file id="fl-d6">
         <path>C:\ti\ccs1210\ccs\tools\compiler\ti-cgt-arm_20.2.7.LTS\lib\</path>
         <kind>archive</kind>
         <file>rtsv7M4_T_le_v4SPD16_eabi.lib</file>
         <name>_io_perm.c.obj</name>
      </input_file>
      <input_file id="fl-d7">
         <path>C:\ti\ccs1210\ccs\tools\compiler\ti-cgt-arm_20.2.7.LTS\lib\</path>
         <kind>archive</kind>
         <file>rtsv7M4_T_le_v4SPD16_eabi.lib</file>
         <name>setvbuf.c.obj</name>
      </input_file>
      <input_file id="fl-d8">
         <path>C:\ti\ccs1210\ccs\tools\compiler\ti-cgt-arm_20.2.7.LTS\lib\</path>
         <kind>archive</kind>
         <file>rtsv7M4_T_le_v4SPD16_eabi.lib</file>
         <name>fd_add_t2.asm.obj</name>
      </input_file>
      <input_file id="fl-d9">
         <path>C:\ti\ccs1210\ccs\tools\compiler\ti-cgt-arm_20.2.7.LTS\lib\</path>
         <kind>archive</kind>
         <file>rtsv7M4_T_le_v4SPD16_eabi.lib</file>
         <name>fd_cmp_t2.asm.obj</name>
      </input_file>
      <input_file id="fl-da">
         <path>C:\ti\ccs1210\ccs\tools\compiler\ti-cgt-arm_20.2.7.LTS\lib\</path>
         <kind>archive</kind>
         <file>rtsv7M4_T_le_v4SPD16_eabi.lib</file>
         <name>fd_div_t2.asm.obj</name>
      </input_file>
      <input_file id="fl-db">
         <path>C:\ti\ccs1210\ccs\tools\compiler\ti-cgt-arm_20.2.7.LTS\lib\</path>
         <kind>archive</kind>
         <file>rtsv7M4_T_le_v4SPD16_eabi.lib</file>
         <name>fd_mul_t2.asm.obj</name>
      </input_file>
      <input_file id="fl-dc">
         <path>C:\ti\ccs1210\ccs\tools\compiler\ti-cgt-arm_20.2.7.LTS\lib\</path>
         <kind>archive</kind>
         <file>rtsv7M4_T_le_v4SPD16_eabi.lib</file>
         <name>fd_toi_t2.asm.obj</name>
      </input_file>
      <input_file id="fl-dd">
         <path>C:\ti\ccs1210\ccs\tools\compiler\ti-cgt-arm_20.2.7.LTS\lib\</path>
         <kind>archive</kind>
         <file>rtsv7M4_T_le_v4SPD16_eabi.lib</file>
         <name>i_tofd_t2.asm.obj</name>
      </input_file>
      <input_file id="fl-de">
         <path>C:\ti\ccs1210\ccs\tools\compiler\ti-cgt-arm_20.2.7.LTS\lib\</path>
         <kind>archive</kind>
         <file>rtsv7M4_T_le_v4SPD16_eabi.lib</file>
         <name>memcpy_t2.asm.obj</name>
      </input_file>
      <input_file id="fl-df">
         <path>C:\ti\ccs1210\ccs\tools\compiler\ti-cgt-arm_20.2.7.LTS\lib\</path>
         <kind>archive</kind>
         <file>rtsv7M4_T_le_v4SPD16_eabi.lib</file>
         <name>memset_t2.asm.obj</name>
      </input_file>
      <input_file id="fl-e0">
         <path>C:\ti\ccs1210\ccs\tools\compiler\ti-cgt-arm_20.2.7.LTS\lib\</path>
         <kind>archive</kind>
         <file>rtsv7M4_T_le_v4SPD16_eabi.lib</file>
         <name>ull_div_t2.asm.obj</name>
      </input_file>
      <input_file id="fl-e1">
         <path>C:\ti\ccs1210\ccs\tools\compiler\ti-cgt-arm_20.2.7.LTS\lib\</path>
         <kind>archive</kind>
         <file>rtsv7M4_T_le_v4SPD16_eabi.lib</file>
         <name>copy_zero_init.c.obj</name>
      </input_file>
      <input_file id="fl-e2">
         <path>C:\ti\ccs1210\ccs\tools\compiler\ti-cgt-arm_20.2.7.LTS\lib\</path>
         <kind>archive</kind>
         <file>rtsv7M4_T_le_v4SPD16_eabi.lib</file>
         <name>copy_decompress_none.c.obj</name>
      </input_file>
      <input_file id="fl-e3">
         <path>C:\ti\ccs1210\ccs\tools\compiler\ti-cgt-arm_20.2.7.LTS\lib\</path>
         <kind>archive</kind>
         <file>rtsv7M4_T_le_v4SPD16_eabi.lib</file>
         <name>copy_decompress_lzss.c.obj</name>
      </input_file>
      <input_file id="fl-e4">
         <path>C:\ti\ccs1210\ccs\tools\compiler\ti-cgt-arm_20.2.7.LTS\lib\</path>
         <kind>archive</kind>
         <file>rtsv7M4_T_le_v4SPD16_eabi.lib</file>
         <name>exit.c.obj</name>
      </input_file>
      <input_file id="fl-e5">
         <path>C:\ti\ccs1210\ccs\tools\compiler\ti-cgt-arm_20.2.7.LTS\lib\</path>
         <kind>archive</kind>
         <file>rtsv7M4_T_le_v4SPD16_eabi.lib</file>
         <name>_lock.c.obj</name>
      </input_file>
      <input_file id="fl-e6">
         <path>C:\ti\ccs1210\ccs\tools\compiler\ti-cgt-arm_20.2.7.LTS\lib\</path>
         <kind>archive</kind>
         <file>rtsv7M4_T_le_v4SPD16_eabi.lib</file>
         <name>_ltoa.c.obj</name>
      </input_file>
      <input_file id="fl-e7">
         <path>C:\ti\ccs1210\ccs\tools\compiler\ti-cgt-arm_20.2.7.LTS\lib\</path>
         <kind>archive</kind>
         <file>rtsv7M4_T_le_v4SPD16_eabi.lib</file>
         <name>atoi.c.obj</name>
      </input_file>
      <input_file id="fl-e8">
         <path>C:\ti\ccs1210\ccs\tools\compiler\ti-cgt-arm_20.2.7.LTS\lib\</path>
         <kind>archive</kind>
         <file>rtsv7M4_T_le_v4SPD16_eabi.lib</file>
         <name>ctype.c.obj</name>
      </input_file>
      <input_file id="fl-e9">
         <path>C:\ti\ccs1210\ccs\tools\compiler\ti-cgt-arm_20.2.7.LTS\lib\</path>
         <kind>archive</kind>
         <file>rtsv7M4_T_le_v4SPD16_eabi.lib</file>
         <name>defs.c.obj</name>
      </input_file>
      <input_file id="fl-ea">
         <path>C:\ti\ccs1210\ccs\tools\compiler\ti-cgt-arm_20.2.7.LTS\lib\</path>
         <kind>archive</kind>
         <file>rtsv7M4_T_le_v4SPD16_eabi.lib</file>
         <name>memccpy.c.obj</name>
      </input_file>
      <input_file id="fl-eb">
         <path>C:\ti\ccs1210\ccs\tools\compiler\ti-cgt-arm_20.2.7.LTS\lib\</path>
         <kind>archive</kind>
         <file>rtsv7M4_T_le_v4SPD16_eabi.lib</file>
         <name>memchr.c.obj</name>
      </input_file>
      <input_file id="fl-ec">
         <path>C:\ti\ccs1210\ccs\tools\compiler\ti-cgt-arm_20.2.7.LTS\lib\</path>
         <kind>archive</kind>
         <file>rtsv7M4_T_le_v4SPD16_eabi.lib</file>
         <name>memory.c.obj</name>
      </input_file>
      <input_file id="fl-ed">
         <path>C:\ti\ccs1210\ccs\tools\compiler\ti-cgt-arm_20.2.7.LTS\lib\</path>
         <kind>archive</kind>
         <file>rtsv7M4_T_le_v4SPD16_eabi.lib</file>
         <name>rand.c.obj</name>
      </input_file>
      <input_file id="fl-ee">
         <path>C:\ti\ccs1210\ccs\tools\compiler\ti-cgt-arm_20.2.7.LTS\lib\</path>
         <kind>archive</kind>
         <file>rtsv7M4_T_le_v4SPD16_eabi.lib</file>
         <name>strchr.c.obj</name>
      </input_file>
      <input_file id="fl-ef">
         <path>C:\ti\ccs1210\ccs\tools\compiler\ti-cgt-arm_20.2.7.LTS\lib\</path>
         <kind>archive</kind>
         <file>rtsv7M4_T_le_v4SPD16_eabi.lib</file>
         <name>strlen.c.obj</name>
      </input_file>
      <input_file id="fl-f0">
         <path>C:\ti\ccs1210\ccs\tools\compiler\ti-cgt-arm_20.2.7.LTS\lib\</path>
         <kind>archive</kind>
         <file>rtsv7M4_T_le_v4SPD16_eabi.lib</file>
         <name>boot_cortex_m.c.obj</name>
      </input_file>
      <input_file id="fl-f1">
         <path>C:\ti\ccs1210\ccs\tools\compiler\ti-cgt-arm_20.2.7.LTS\lib\</path>
         <kind>archive</kind>
         <file>rtsv7M4_T_le_v4SPD16_eabi.lib</file>
         <name>write.c.obj</name>
      </input_file>
      <input_file id="fl-f2">
         <path>C:\ti\ccs1210\ccs\tools\compiler\ti-cgt-arm_20.2.7.LTS\lib\</path>
         <kind>archive</kind>
         <file>rtsv7M4_T_le_v4SPD16_eabi.lib</file>
         <name>host_device.c.obj</name>
      </input_file>
      <input_file id="fl-f3">
         <path>C:\ti\ccs1210\ccs\tools\compiler\ti-cgt-arm_20.2.7.LTS\lib\</path>
         <kind>archive</kind>
         <file>rtsv7M4_T_le_v4SPD16_eabi.lib</file>
         <name>time.c.obj</name>
      </input_file>
      <input_file id="fl-f4">
         <path>C:\ti\ccs1210\ccs\tools\compiler\ti-cgt-arm_20.2.7.LTS\lib\</path>
         <kind>archive</kind>
         <file>rtsv7M4_T_le_v4SPD16_eabi.lib</file>
         <name>errno.c.obj</name>
      </input_file>
      <input_file id="fl-f5">
         <path>C:\ti\ccs1210\ccs\tools\compiler\ti-cgt-arm_20.2.7.LTS\lib\</path>
         <kind>archive</kind>
         <file>rtsv7M4_T_le_v4SPD16_eabi.lib</file>
         <name>wcslen.c.obj</name>
      </input_file>
      <input_file id="fl-f6">
         <path>C:\ti\ccs1210\ccs\tools\compiler\ti-cgt-arm_20.2.7.LTS\lib\</path>
         <kind>archive</kind>
         <file>rtsv7M4_T_le_v4SPD16_eabi.lib</file>
         <name>s_copysign.c.obj</name>
      </input_file>
      <input_file id="fl-f7">
         <path>C:\ti\ccs1210\ccs\tools\compiler\ti-cgt-arm_20.2.7.LTS\lib\</path>
         <kind>archive</kind>
         <file>rtsv7M4_T_le_v4SPD16_eabi.lib</file>
         <name>s_frexp.c.obj</name>
      </input_file>
      <input_file id="fl-f8">
         <path>C:\ti\ccs1210\ccs\tools\compiler\ti-cgt-arm_20.2.7.LTS\lib\</path>
         <kind>archive</kind>
         <file>rtsv7M4_T_le_v4SPD16_eabi.lib</file>
         <name>fflush.c.obj</name>
      </input_file>
      <input_file id="fl-f9">
         <path>C:\ti\ccs1210\ccs\tools\compiler\ti-cgt-arm_20.2.7.LTS\lib\</path>
         <kind>archive</kind>
         <file>rtsv7M4_T_le_v4SPD16_eabi.lib</file>
         <name>fopen.c.obj</name>
      </input_file>
      <input_file id="fl-fa">
         <path>C:\ti\ccs1210\ccs\tools\compiler\ti-cgt-arm_20.2.7.LTS\lib\</path>
         <kind>archive</kind>
         <file>rtsv7M4_T_le_v4SPD16_eabi.lib</file>
         <name>fseek.c.obj</name>
      </input_file>
      <input_file id="fl-fb">
         <path>C:\ti\ccs1210\ccs\tools\compiler\ti-cgt-arm_20.2.7.LTS\lib\</path>
         <kind>archive</kind>
         <file>rtsv7M4_T_le_v4SPD16_eabi.lib</file>
         <name>div0.asm.obj</name>
      </input_file>
      <input_file id="fl-fc">
         <path>C:\ti\ccs1210\ccs\tools\compiler\ti-cgt-arm_20.2.7.LTS\lib\</path>
         <kind>archive</kind>
         <file>rtsv7M4_T_le_v4SPD16_eabi.lib</file>
         <name>autoinit.c.obj</name>
      </input_file>
      <input_file id="fl-fd">
         <path>C:\ti\ccs1210\ccs\tools\compiler\ti-cgt-arm_20.2.7.LTS\lib\</path>
         <kind>archive</kind>
         <file>rtsv7M4_T_le_v4SPD16_eabi.lib</file>
         <name>pre_init.c.obj</name>
      </input_file>
      <input_file id="fl-fe">
         <path>C:\ti\ccs1210\ccs\tools\compiler\ti-cgt-arm_20.2.7.LTS\lib\</path>
         <kind>archive</kind>
         <file>rtsv7M4_T_le_v4SPD16_eabi.lib</file>
         <name>cpy_tbl.c.obj</name>
      </input_file>
      <input_file id="fl-ff">
         <path>C:\ti\ccs1210\ccs\tools\compiler\ti-cgt-arm_20.2.7.LTS\lib\</path>
         <kind>archive</kind>
         <file>rtsv7M4_T_le_v4SPD16_eabi.lib</file>
         <name>args_main.c.obj</name>
      </input_file>
      <input_file id="fl-100">
         <path>C:\ti\ccs1210\ccs\tools\compiler\ti-cgt-arm_20.2.7.LTS\lib\</path>
         <kind>archive</kind>
         <file>rtsv7M4_T_le_v4SPD16_eabi.lib</file>
         <name>hostclose.c.obj</name>
      </input_file>
      <input_file id="fl-101">
         <path>C:\ti\ccs1210\ccs\tools\compiler\ti-cgt-arm_20.2.7.LTS\lib\</path>
         <kind>archive</kind>
         <file>rtsv7M4_T_le_v4SPD16_eabi.lib</file>
         <name>hostlseek.c.obj</name>
      </input_file>
      <input_file id="fl-102">
         <path>C:\ti\ccs1210\ccs\tools\compiler\ti-cgt-arm_20.2.7.LTS\lib\</path>
         <kind>archive</kind>
         <file>rtsv7M4_T_le_v4SPD16_eabi.lib</file>
         <name>hostopen.c.obj</name>
      </input_file>
      <input_file id="fl-103">
         <path>C:\ti\ccs1210\ccs\tools\compiler\ti-cgt-arm_20.2.7.LTS\lib\</path>
         <kind>archive</kind>
         <file>rtsv7M4_T_le_v4SPD16_eabi.lib</file>
         <name>hostread.c.obj</name>
      </input_file>
      <input_file id="fl-104">
         <path>C:\ti\ccs1210\ccs\tools\compiler\ti-cgt-arm_20.2.7.LTS\lib\</path>
         <kind>archive</kind>
         <file>rtsv7M4_T_le_v4SPD16_eabi.lib</file>
         <name>hostrename.c.obj</name>
      </input_file>
      <input_file id="fl-105">
         <path>C:\ti\ccs1210\ccs\tools\compiler\ti-cgt-arm_20.2.7.LTS\lib\</path>
         <kind>archive</kind>
         <file>rtsv7M4_T_le_v4SPD16_eabi.lib</file>
         <name>hosttime.c.obj</name>
      </input_file>
      <input_file id="fl-106">
         <path>C:\ti\ccs1210\ccs\tools\compiler\ti-cgt-arm_20.2.7.LTS\lib\</path>
         <kind>archive</kind>
         <file>rtsv7M4_T_le_v4SPD16_eabi.lib</file>
         <name>hostunlink.c.obj</name>
      </input_file>
      <input_file id="fl-107">
         <path>C:\ti\ccs1210\ccs\tools\compiler\ti-cgt-arm_20.2.7.LTS\lib\</path>
         <kind>archive</kind>
         <file>rtsv7M4_T_le_v4SPD16_eabi.lib</file>
         <name>hostwrite.c.obj</name>
      </input_file>
      <input_file id="fl-108">
         <path>C:\ti\ccs1210\ccs\tools\compiler\ti-cgt-arm_20.2.7.LTS\lib\</path>
         <kind>archive</kind>
         <file>rtsv7M4_T_le_v4SPD16_eabi.lib</file>
         <name>trgmsg.c.obj</name>
      </input_file>
      <input_file id="fl-109">
         <path>C:\ti\ccs1210\ccs\tools\compiler\ti-cgt-arm_20.2.7.LTS\lib\</path>
         <kind>archive</kind>
         <file>rtsv7M4_T_le_v4SPD16_eabi.lib</file>
         <name>open.c.obj</name>
      </input_file>
      <input_file id="fl-10a">
         <path>C:\ti\ccs1210\ccs\tools\compiler\ti-cgt-arm_20.2.7.LTS\lib\</path>
         <kind>archive</kind>
         <file>rtsv7M4_T_le_v4SPD16_eabi.lib</file>
         <name>lseek.c.obj</name>
      </input_file>
      <input_file id="fl-10b">
         <path>C:\ti\ccs1210\ccs\tools\compiler\ti-cgt-arm_20.2.7.LTS\lib\</path>
         <kind>archive</kind>
         <file>rtsv7M4_T_le_v4SPD16_eabi.lib</file>
         <name>fclose.c.obj</name>
      </input_file>
      <input_file id="fl-10c">
         <path>C:\ti\ccs1210\ccs\tools\compiler\ti-cgt-arm_20.2.7.LTS\lib\</path>
         <kind>archive</kind>
         <file>rtsv7M4_T_le_v4SPD16_eabi.lib</file>
         <name>getdevice.c.obj</name>
      </input_file>
      <input_file id="fl-10d">
         <path>C:\ti\ccs1210\ccs\tools\compiler\ti-cgt-arm_20.2.7.LTS\lib\</path>
         <kind>archive</kind>
         <file>rtsv7M4_T_le_v4SPD16_eabi.lib</file>
         <name>strcmp.c.obj</name>
      </input_file>
      <input_file id="fl-10e">
         <path>C:\ti\ccs1210\ccs\tools\compiler\ti-cgt-arm_20.2.7.LTS\lib\</path>
         <kind>archive</kind>
         <file>rtsv7M4_T_le_v4SPD16_eabi.lib</file>
         <name>strcpy.c.obj</name>
      </input_file>
      <input_file id="fl-10f">
         <path>C:\ti\ccs1210\ccs\tools\compiler\ti-cgt-arm_20.2.7.LTS\lib\</path>
         <kind>archive</kind>
         <file>rtsv7M4_T_le_v4SPD16_eabi.lib</file>
         <name>strncpy.c.obj</name>
      </input_file>
      <input_file id="fl-110">
         <path>C:\ti\ccs1210\ccs\tools\compiler\ti-cgt-arm_20.2.7.LTS\lib\</path>
         <kind>archive</kind>
         <file>rtsv7M4_T_le_v4SPD16_eabi.lib</file>
         <name>remove.c.obj</name>
      </input_file>
      <input_file id="fl-111">
         <path>C:\ti\ccs1210\ccs\tools\compiler\ti-cgt-arm_20.2.7.LTS\lib\</path>
         <kind>archive</kind>
         <file>rtsv7M4_T_le_v4SPD16_eabi.lib</file>
         <name>close.c.obj</name>
      </input_file>
      <input_file id="fl-112">
         <path>C:\ti\ccs1210\ccs\tools\compiler\ti-cgt-arm_20.2.7.LTS\lib\</path>
         <kind>archive</kind>
         <file>rtsv7M4_T_le_v4SPD16_eabi.lib</file>
         <name>unlink.c.obj</name>
      </input_file>
      <input_file id="fl-113">
         <path>C:\ti\simplelink_msp432p4_sdk_3_40_01_02\source\ti\grlib\lib\ccs\m4f\</path>
         <kind>archive</kind>
         <file>grlib.a</file>
         <name>context.obj</name>
      </input_file>
      <input_file id="fl-114">
         <path>C:\ti\simplelink_msp432p4_sdk_3_40_01_02\source\ti\grlib\lib\ccs\m4f\</path>
         <kind>archive</kind>
         <file>grlib.a</file>
         <name>display.obj</name>
      </input_file>
      <input_file id="fl-115">
         <path>C:\ti\simplelink_msp432p4_sdk_3_40_01_02\source\ti\grlib\lib\ccs\m4f\</path>
         <kind>archive</kind>
         <file>grlib.a</file>
         <name>fontfixed6x8.obj</name>
      </input_file>
      <input_file id="fl-116">
         <path>C:\ti\simplelink_msp432p4_sdk_3_40_01_02\source\ti\grlib\lib\ccs\m4f\</path>
         <kind>archive</kind>
         <file>grlib.a</file>
         <name>image.obj</name>
      </input_file>
      <input_file id="fl-117">
         <path>C:\ti\simplelink_msp432p4_sdk_3_40_01_02\source\ti\grlib\lib\ccs\m4f\</path>
         <kind>archive</kind>
         <file>grlib.a</file>
         <name>rectangle.obj</name>
      </input_file>
      <input_file id="fl-118">
         <path>C:\ti\simplelink_msp432p4_sdk_3_40_01_02\source\ti\grlib\lib\ccs\m4f\</path>
         <kind>archive</kind>
         <file>grlib.a</file>
         <name>string.obj</name>
      </input_file>
      <input_file id="fl-119">
         <path>C:\ti\simplelink_msp432p4_sdk_3_40_01_02\source\ti\grlib\lib\ccs\m4f\</path>
         <kind>archive</kind>
         <file>grlib.a</file>
         <name>line.obj</name>
      </input_file>
      <input_file id="fl-11a">
         <path>C:\ti\simplelink_msp432p4_sdk_3_40_01_02\source\ti\devices\msp432p4xx\driverlib\ccs\</path>
         <kind>archive</kind>
         <file>msp432p4xx_driverlib.lib</file>
         <name>adc14.o</name>
      </input_file>
      <input_file id="fl-11b">
         <path>C:\ti\simplelink_msp432p4_sdk_3_40_01_02\source\ti\devices\msp432p4xx\driverlib\ccs\</path>
         <kind>archive</kind>
         <file>msp432p4xx_driverlib.lib</file>
         <name>cs.o</name>
      </input_file>
      <input_file id="fl-11c">
         <path>C:\ti\simplelink_msp432p4_sdk_3_40_01_02\source\ti\devices\msp432p4xx\driverlib\ccs\</path>
         <kind>archive</kind>
         <file>msp432p4xx_driverlib.lib</file>
         <name>gpio.o</name>
      </input_file>
      <input_file id="fl-11d">
         <path>C:\ti\simplelink_msp432p4_sdk_3_40_01_02\source\ti\devices\msp432p4xx\driverlib\ccs\</path>
         <kind>archive</kind>
         <file>msp432p4xx_driverlib.lib</file>
         <name>i2c.o</name>
      </input_file>
      <input_file id="fl-11e">
         <path>C:\ti\simplelink_msp432p4_sdk_3_40_01_02\source\ti\devices\msp432p4xx\driverlib\ccs\</path>
         <kind>archive</kind>
         <file>msp432p4xx_driverlib.lib</file>
         <name>interrupt.o</name>
      </input_file>
      <input_file id="fl-11f">
         <path>C:\ti\simplelink_msp432p4_sdk_3_40_01_02\source\ti\devices\msp432p4xx\driverlib\ccs\</path>
         <kind>archive</kind>
         <file>msp432p4xx_driverlib.lib</file>
         <name>pcm.o</name>
      </input_file>
      <input_file id="fl-120">
         <path>C:\ti\simplelink_msp432p4_sdk_3_40_01_02\source\ti\devices\msp432p4xx\driverlib\ccs\</path>
         <kind>archive</kind>
         <file>msp432p4xx_driverlib.lib</file>
         <name>rtc_c.o</name>
      </input_file>
      <input_file id="fl-121">
         <path>C:\ti\simplelink_msp432p4_sdk_3_40_01_02\source\ti\devices\msp432p4xx\driverlib\ccs\</path>
         <kind>archive</kind>
         <file>msp432p4xx_driverlib.lib</file>
         <name>spi.o</name>
      </input_file>
      <input_file id="fl-122">
         <path>C:\ti\simplelink_msp432p4_sdk_3_40_01_02\source\ti\devices\msp432p4xx\driverlib\ccs\</path>
         <kind>archive</kind>
         <file>msp432p4xx_driverlib.lib</file>
         <name>sysctl_a.o</name>
      </input_file>
      <input_file id="fl-123">
         <path>C:\ti\simplelink_msp432p4_sdk_3_40_01_02\source\ti\devices\msp432p4xx\driverlib\ccs\</path>
         <kind>archive</kind>
         <file>msp432p4xx_driverlib.lib</file>
         <name>timer_a.o</name>
      </input_file>
      <input_file id="fl-124">
         <path>C:\ti\simplelink_msp432p4_sdk_3_40_01_02\source\ti\devices\msp432p4xx\driverlib\ccs\</path>
         <kind>archive</kind>
         <file>msp432p4xx_driverlib.lib</file>
         <name>wdt_a.o</name>
      </input_file>
      <input_file id="fl-125">
         <path>C:\ti\simplelink_msp432p4_sdk_3_40_01_02\source\ti\devices\msp432p4xx\driverlib\ccs\</path>
         <kind>archive</kind>
         <file>msp432p4xx_driverlib.lib</file>
         <name>cpu.o</name>
      </input_file>
   </input_file_list>
   <object_component_list>
      <object_component id="oc-26">
         <name>.intvecs:retain</name>
         <load_address>0x0</load_address>
         <run_address>0x0</run_address>
         <size>0xe4</size>
         <input_file_ref idref="fl-6"/>
      </object_component>
      <object_component id="oc-1b5">
         <name>.text:__TI_printfi</name>
         <load_address>0xe098</load_address>
         <run_address>0xe098</run_address>
         <size>0xa4e</size>
         <input_file_ref idref="fl-d2"/>
      </object_component>
      <object_component id="oc-360">
         <name>.text:_nop</name>
         <load_address>0xeae6</load_address>
         <run_address>0xeae6</run_address>
         <size>0x2</size>
         <input_file_ref idref="fl-e5"/>
      </object_component>
      <object_component id="oc-303">
         <name>.text</name>
         <load_address>0xeae8</load_address>
         <run_address>0xeae8</run_address>
         <size>0x784</size>
         <input_file_ref idref="fl-c"/>
      </object_component>
      <object_component id="oc-290">
         <name>.text</name>
         <load_address>0xf26c</load_address>
         <run_address>0xf26c</run_address>
         <size>0x680</size>
         <input_file_ref idref="fl-11"/>
      </object_component>
      <object_component id="oc-315">
         <name>.text</name>
         <load_address>0xf8ec</load_address>
         <run_address>0xf8ec</run_address>
         <size>0x49c</size>
         <input_file_ref idref="fl-8"/>
      </object_component>
      <object_component id="oc-1ad">
         <name>.text:Graphics_drawString</name>
         <load_address>0xfd88</load_address>
         <run_address>0xfd88</run_address>
         <size>0x47e</size>
         <input_file_ref idref="fl-118"/>
      </object_component>
      <object_component id="oc-77d">
         <name>.text</name>
         <load_address>0x10206</load_address>
         <run_address>0x10206</run_address>
         <size>0x2</size>
         <input_file_ref idref="fl-fb"/>
      </object_component>
      <object_component id="oc-30f">
         <name>.text</name>
         <load_address>0x10208</load_address>
         <run_address>0x10208</run_address>
         <size>0x438</size>
         <input_file_ref idref="fl-b"/>
      </object_component>
      <object_component id="oc-309">
         <name>.text</name>
         <load_address>0x10640</load_address>
         <run_address>0x10640</run_address>
         <size>0x404</size>
         <input_file_ref idref="fl-a"/>
      </object_component>
      <object_component id="oc-2fd">
         <name>.text:Graphics_drawImage</name>
         <load_address>0x10a44</load_address>
         <run_address>0x10a44</run_address>
         <size>0x390</size>
         <input_file_ref idref="fl-116"/>
      </object_component>
      <object_component id="oc-b2">
         <name>.text</name>
         <load_address>0x10dd4</load_address>
         <run_address>0x10dd4</run_address>
         <size>0x334</size>
         <input_file_ref idref="fl-7"/>
      </object_component>
      <object_component id="oc-4d9">
         <name>.text</name>
         <load_address>0x11108</load_address>
         <run_address>0x11108</run_address>
         <size>0x2a2</size>
         <input_file_ref idref="fl-f"/>
      </object_component>
      <object_component id="oc-3b0">
         <name>.text:_pconv_a</name>
         <load_address>0x113ac</load_address>
         <run_address>0x113ac</run_address>
         <size>0x270</size>
         <input_file_ref idref="fl-d2"/>
      </object_component>
      <object_component id="oc-14c">
         <name>.text</name>
         <load_address>0x1161c</load_address>
         <run_address>0x1161c</run_address>
         <size>0x24c</size>
         <input_file_ref idref="fl-9"/>
      </object_component>
      <object_component id="oc-70">
         <name>.text</name>
         <load_address>0x11868</load_address>
         <run_address>0x11868</run_address>
         <size>0x240</size>
         <input_file_ref idref="fl-10"/>
      </object_component>
      <object_component id="oc-39e">
         <name>.text:_pconv_g</name>
         <load_address>0x11aa8</load_address>
         <run_address>0x11aa8</run_address>
         <size>0x1d0</size>
         <input_file_ref idref="fl-d2"/>
      </object_component>
      <object_component id="oc-5b9">
         <name>.text</name>
         <load_address>0x11c78</load_address>
         <run_address>0x11c78</run_address>
         <size>0x1b6</size>
         <input_file_ref idref="fl-d8"/>
      </object_component>
      <object_component id="oc-146">
         <name>.text</name>
         <load_address>0x11e30</load_address>
         <run_address>0x11e30</run_address>
         <size>0x19c</size>
         <input_file_ref idref="fl-d"/>
      </object_component>
      <object_component id="oc-1f0">
         <name>.text:_getIndexForMemRegister</name>
         <load_address>0x11fcc</load_address>
         <run_address>0x11fcc</run_address>
         <size>0x160</size>
         <input_file_ref idref="fl-11a"/>
      </object_component>
      <object_component id="oc-7d7">
         <name>.text:__PCM_setPowerModeAdvanced</name>
         <load_address>0x1212c</load_address>
         <run_address>0x1212c</run_address>
         <size>0x15c</size>
         <input_file_ref idref="fl-11f"/>
      </object_component>
      <object_component id="oc-496">
         <name>.text:privateTimer_AProcessClockSourceDivider</name>
         <load_address>0x12288</load_address>
         <run_address>0x12288</run_address>
         <size>0x144</size>
         <input_file_ref idref="fl-123"/>
      </object_component>
      <object_component id="oc-2b4">
         <name>.text</name>
         <load_address>0x123cc</load_address>
         <run_address>0x123cc</run_address>
         <size>0x13c</size>
         <input_file_ref idref="fl-3"/>
      </object_component>
      <object_component id="oc-3aa">
         <name>.text:_pconv_e</name>
         <load_address>0x12508</load_address>
         <run_address>0x12508</run_address>
         <size>0x13c</size>
         <input_file_ref idref="fl-d2"/>
      </object_component>
      <object_component id="oc-59f">
         <name>.text</name>
         <load_address>0x12644</load_address>
         <run_address>0x12644</run_address>
         <size>0x136</size>
         <input_file_ref idref="fl-da"/>
      </object_component>
      <object_component id="oc-2de">
         <name>.text:CS_initClockSignal</name>
         <load_address>0x1277c</load_address>
         <run_address>0x1277c</run_address>
         <size>0x130</size>
         <input_file_ref idref="fl-11b"/>
      </object_component>
      <object_component id="oc-5cb">
         <name>.text:fcvt</name>
         <load_address>0x128ac</load_address>
         <run_address>0x128ac</run_address>
         <size>0x124</size>
         <input_file_ref idref="fl-d2"/>
      </object_component>
      <object_component id="oc-2ae">
         <name>.text</name>
         <load_address>0x129d0</load_address>
         <run_address>0x129d0</run_address>
         <size>0x118</size>
         <input_file_ref idref="fl-2"/>
      </object_component>
      <object_component id="oc-7ff">
         <name>.text:fputs</name>
         <load_address>0x12ae8</load_address>
         <run_address>0x12ae8</run_address>
         <size>0x114</size>
         <input_file_ref idref="fl-d5"/>
      </object_component>
      <object_component id="oc-dd">
         <name>.text:Graphics_fillRectangle</name>
         <load_address>0x12bfc</load_address>
         <run_address>0x12bfc</run_address>
         <size>0x112</size>
         <input_file_ref idref="fl-117"/>
      </object_component>
      <object_component id="oc-5df">
         <name>.text:scalbn</name>
         <load_address>0x12d10</load_address>
         <run_address>0x12d10</run_address>
         <size>0x110</size>
         <input_file_ref idref="fl-d0"/>
      </object_component>
      <object_component id="oc-519">
         <name>.text</name>
         <load_address>0x12e20</load_address>
         <run_address>0x12e20</run_address>
         <size>0x10c</size>
         <input_file_ref idref="fl-e"/>
      </object_component>
      <object_component id="oc-4a7">
         <name>.text:__PCM_setCoreVoltageLevelAdvanced</name>
         <load_address>0x12f2c</load_address>
         <run_address>0x12f2c</run_address>
         <size>0x108</size>
         <input_file_ref idref="fl-11f"/>
      </object_component>
      <object_component id="oc-838">
         <name>.text:aligned_alloc</name>
         <load_address>0x13034</load_address>
         <run_address>0x13034</run_address>
         <size>0x100</size>
         <input_file_ref idref="fl-ec"/>
      </object_component>
      <object_component id="oc-59a">
         <name>.text</name>
         <load_address>0x13134</load_address>
         <run_address>0x13134</run_address>
         <size>0xfc</size>
         <input_file_ref idref="fl-db"/>
      </object_component>
      <object_component id="oc-1a7">
         <name>.text:Graphics_getStringWidth</name>
         <load_address>0x13230</load_address>
         <run_address>0x13230</run_address>
         <size>0xfa</size>
         <input_file_ref idref="fl-118"/>
      </object_component>
      <object_component id="oc-51f">
         <name>.text:free</name>
         <load_address>0x1332c</load_address>
         <run_address>0x1332c</run_address>
         <size>0xe4</size>
         <input_file_ref idref="fl-ec"/>
      </object_component>
      <object_component id="oc-89f">
         <name>.text:setvbuf</name>
         <load_address>0x13410</load_address>
         <run_address>0x13410</run_address>
         <size>0xdc</size>
         <input_file_ref idref="fl-d7"/>
      </object_component>
      <object_component id="oc-408">
         <name>.text</name>
         <load_address>0x134ec</load_address>
         <run_address>0x134ec</run_address>
         <size>0xcc</size>
         <input_file_ref idref="fl-12"/>
      </object_component>
      <object_component id="oc-266">
         <name>.text:ADC14_configureConversionMemory</name>
         <load_address>0x135b8</load_address>
         <run_address>0x135b8</run_address>
         <size>0xb4</size>
         <input_file_ref idref="fl-11a"/>
      </object_component>
      <object_component id="oc-260">
         <name>.text:ADC14_configureMultiSequenceMode</name>
         <load_address>0x1366c</load_address>
         <run_address>0x1366c</run_address>
         <size>0xb4</size>
         <input_file_ref idref="fl-11a"/>
      </object_component>
      <object_component id="oc-393">
         <name>.text:_ltostr</name>
         <load_address>0x13720</load_address>
         <run_address>0x13720</run_address>
         <size>0xb1</size>
         <input_file_ref idref="fl-d2"/>
      </object_component>
      <object_component id="oc-626">
         <name>.text:SPI_initMaster</name>
         <load_address>0x137d2</load_address>
         <run_address>0x137d2</run_address>
         <size>0xb0</size>
         <input_file_ref idref="fl-121"/>
      </object_component>
      <object_component id="oc-373">
         <name>.text:Graphics_drawLineH</name>
         <load_address>0x13882</load_address>
         <run_address>0x13882</run_address>
         <size>0x9c</size>
         <input_file_ref idref="fl-119"/>
      </object_component>
      <object_component id="oc-3a">
         <name>.text</name>
         <load_address>0x1391e</load_address>
         <run_address>0x1391e</run_address>
         <size>0x9c</size>
         <input_file_ref idref="fl-de"/>
      </object_component>
      <object_component id="oc-593">
         <name>.text</name>
         <load_address>0x139ba</load_address>
         <run_address>0x139ba</run_address>
         <size>0x96</size>
         <input_file_ref idref="fl-e0"/>
      </object_component>
      <object_component id="oc-806">
         <name>.text:fputc</name>
         <load_address>0x13a50</load_address>
         <run_address>0x13a50</run_address>
         <size>0x8c</size>
         <input_file_ref idref="fl-d4"/>
      </object_component>
      <object_component id="oc-24e">
         <name>.text:GPIO_setAsPeripheralModuleFunctionInputPin</name>
         <load_address>0x13adc</load_address>
         <run_address>0x13adc</run_address>
         <size>0x88</size>
         <input_file_ref idref="fl-11c"/>
      </object_component>
      <object_component id="oc-431">
         <name>.text:GPIO_setAsPeripheralModuleFunctionOutputPin</name>
         <load_address>0x13b64</load_address>
         <run_address>0x13b64</run_address>
         <size>0x88</size>
         <input_file_ref idref="fl-11c"/>
      </object_component>
      <object_component id="oc-399">
         <name>.text:__aeabi_cdcmple</name>
         <load_address>0x13bec</load_address>
         <run_address>0x13bec</run_address>
         <size>0x86</size>
         <input_file_ref idref="fl-d9"/>
      </object_component>
      <object_component id="oc-5a4">
         <name>.text:__aeabi_cdrcmple</name>
         <load_address>0x13c72</load_address>
         <run_address>0x13c72</run_address>
         <size>0x86</size>
         <input_file_ref idref="fl-d9"/>
      </object_component>
      <object_component id="oc-272">
         <name>.text:Interrupt_enableInterrupt</name>
         <load_address>0x13cf8</load_address>
         <run_address>0x13cf8</run_address>
         <size>0x80</size>
         <input_file_ref idref="fl-11e"/>
      </object_component>
      <object_component id="oc-94">
         <name>.text</name>
         <load_address>0x13d78</load_address>
         <run_address>0x13d78</run_address>
         <size>0x7a</size>
         <input_file_ref idref="fl-df"/>
      </object_component>
      <object_component id="oc-8e6">
         <name>.text:__TI_closefile</name>
         <load_address>0x13df4</load_address>
         <run_address>0x13df4</run_address>
         <size>0x74</size>
         <input_file_ref idref="fl-10b"/>
      </object_component>
      <object_component id="oc-890">
         <name>.text:split</name>
         <load_address>0x13e68</load_address>
         <run_address>0x13e68</run_address>
         <size>0x70</size>
         <input_file_ref idref="fl-ec"/>
      </object_component>
      <object_component id="oc-5c4">
         <name>.text:_mcpy</name>
         <load_address>0x13ed8</load_address>
         <run_address>0x13ed8</run_address>
         <size>0x6e</size>
         <input_file_ref idref="fl-d2"/>
      </object_component>
      <object_component id="oc-4cb">
         <name>.text:Graphics_convertPalette</name>
         <load_address>0x13f48</load_address>
         <run_address>0x13f48</run_address>
         <size>0x6c</size>
         <input_file_ref idref="fl-116"/>
      </object_component>
      <object_component id="oc-916">
         <name>.text:HOSTrename</name>
         <load_address>0x13fb4</load_address>
         <run_address>0x13fb4</run_address>
         <size>0x6c</size>
         <input_file_ref idref="fl-104"/>
      </object_component>
      <object_component id="oc-485">
         <name>.text:I2C_masterSendMultiByteFinish</name>
         <load_address>0x14020</load_address>
         <run_address>0x14020</run_address>
         <size>0x6c</size>
         <input_file_ref idref="fl-11d"/>
      </object_component>
      <object_component id="oc-90a">
         <name>.text:HOSTlseek</name>
         <load_address>0x1408c</load_address>
         <run_address>0x1408c</run_address>
         <size>0x68</size>
         <input_file_ref idref="fl-101"/>
      </object_component>
      <object_component id="oc-45b">
         <name>.text:I2C_masterSendMultiByteStart</name>
         <load_address>0x140f4</load_address>
         <run_address>0x140f4</run_address>
         <size>0x68</size>
         <input_file_ref idref="fl-11d"/>
      </object_component>
      <object_component id="oc-17">
         <name>.text:decompress:lzss:__TI_decompress_lzss</name>
         <load_address>0x1415c</load_address>
         <run_address>0x1415c</run_address>
         <size>0x68</size>
         <input_file_ref idref="fl-e3"/>
      </object_component>
      <object_component id="oc-4e8">
         <name>.text:printf</name>
         <load_address>0x141c4</load_address>
         <run_address>0x141c4</run_address>
         <size>0x68</size>
         <input_file_ref idref="fl-d1"/>
      </object_component>
      <object_component id="oc-5d9">
         <name>.text:frexp</name>
         <load_address>0x1422c</load_address>
         <run_address>0x1422c</run_address>
         <size>0x64</size>
         <input_file_ref idref="fl-f7"/>
      </object_component>
      <object_component id="oc-899">
         <name>.text:fseek</name>
         <load_address>0x14290</load_address>
         <run_address>0x14290</run_address>
         <size>0x64</size>
         <input_file_ref idref="fl-fa"/>
      </object_component>
      <object_component id="oc-437">
         <name>.text:I2C_initMaster</name>
         <load_address>0x142f4</load_address>
         <run_address>0x142f4</run_address>
         <size>0x62</size>
         <input_file_ref idref="fl-11d"/>
      </object_component>
      <object_component id="oc-874">
         <name>.text:__TI_wrt_ok</name>
         <load_address>0x14356</load_address>
         <run_address>0x14356</run_address>
         <size>0x62</size>
         <input_file_ref idref="fl-d6"/>
      </object_component>
      <object_component id="oc-8f2">
         <name>.text:HOSTopen</name>
         <load_address>0x143b8</load_address>
         <run_address>0x143b8</run_address>
         <size>0x60</size>
         <input_file_ref idref="fl-102"/>
      </object_component>
      <object_component id="oc-669">
         <name>.text:PCM_getCoreVoltageLevel</name>
         <load_address>0x14418</load_address>
         <run_address>0x14418</run_address>
         <size>0x5e</size>
         <input_file_ref idref="fl-11f"/>
      </object_component>
      <object_component id="oc-922">
         <name>.text:close</name>
         <load_address>0x14478</load_address>
         <run_address>0x14478</run_address>
         <size>0x5c</size>
         <input_file_ref idref="fl-111"/>
      </object_component>
      <object_component id="oc-663">
         <name>.text:PCM_getPowerMode</name>
         <load_address>0x144d4</load_address>
         <run_address>0x144d4</run_address>
         <size>0x5a</size>
         <input_file_ref idref="fl-11f"/>
      </object_component>
      <object_component id="oc-8fe">
         <name>.text:HOSTread</name>
         <load_address>0x14530</load_address>
         <run_address>0x14530</run_address>
         <size>0x58</size>
         <input_file_ref idref="fl-103"/>
      </object_component>
      <object_component id="oc-904">
         <name>.text:HOSTwrite</name>
         <load_address>0x14588</load_address>
         <run_address>0x14588</run_address>
         <size>0x58</size>
         <input_file_ref idref="fl-107"/>
      </object_component>
      <object_component id="oc-3a4">
         <name>.text:_pconv_f</name>
         <load_address>0x145e0</load_address>
         <run_address>0x145e0</run_address>
         <size>0x56</size>
         <input_file_ref idref="fl-d2"/>
      </object_component>
      <object_component id="oc-25a">
         <name>.text:ADC14_initModule</name>
         <load_address>0x14638</load_address>
         <run_address>0x14638</run_address>
         <size>0x54</size>
         <input_file_ref idref="fl-11a"/>
      </object_component>
      <object_component id="oc-5ae">
         <name>.text:__TI_ltoa</name>
         <load_address>0x1468c</load_address>
         <run_address>0x1468c</run_address>
         <size>0x54</size>
         <input_file_ref idref="fl-e6"/>
      </object_component>
      <object_component id="oc-296">
         <name>.text:Graphics_initContext</name>
         <load_address>0x146e0</load_address>
         <run_address>0x146e0</run_address>
         <size>0x52</size>
         <input_file_ref idref="fl-113"/>
      </object_component>
      <object_component id="oc-5be">
         <name>.text:_ecpy</name>
         <load_address>0x14732</load_address>
         <run_address>0x14732</run_address>
         <size>0x52</size>
         <input_file_ref idref="fl-d2"/>
      </object_component>
      <object_component id="oc-b9">
         <name>.text:Timer_A_getCounterValue</name>
         <load_address>0x14784</load_address>
         <run_address>0x14784</run_address>
         <size>0x4c</size>
         <input_file_ref idref="fl-123"/>
      </object_component>
      <object_component id="oc-880">
         <name>.text:__TI_doflush</name>
         <load_address>0x147d0</load_address>
         <run_address>0x147d0</run_address>
         <size>0x4c</size>
         <input_file_ref idref="fl-f8"/>
      </object_component>
      <object_component id="oc-38d">
         <name>.text:atoi</name>
         <load_address>0x1481c</load_address>
         <run_address>0x1481c</run_address>
         <size>0x4c</size>
         <input_file_ref idref="fl-e7"/>
      </object_component>
      <object_component id="oc-c5">
         <name>.text:Graphics_drawStringCentered</name>
         <load_address>0x14868</load_address>
         <run_address>0x14868</run_address>
         <size>0x48</size>
         <input_file_ref idref="fl-118"/>
      </object_component>
      <object_component id="oc-4b0">
         <name>.text:HOSTtime</name>
         <load_address>0x148b0</load_address>
         <run_address>0x148b0</run_address>
         <size>0x48</size>
         <input_file_ref idref="fl-105"/>
      </object_component>
      <object_component id="oc-159">
         <name>.text:exit</name>
         <load_address>0x148f8</load_address>
         <run_address>0x148f8</run_address>
         <size>0x48</size>
         <input_file_ref idref="fl-e4"/>
      </object_component>
      <object_component id="oc-5a9">
         <name>.text</name>
         <load_address>0x14940</load_address>
         <run_address>0x14940</run_address>
         <size>0x48</size>
         <input_file_ref idref="fl-dc"/>
      </object_component>
      <object_component id="oc-4d1">
         <name>.text:Graphics_drawMultiplePixelsOnDisplay</name>
         <load_address>0x14988</load_address>
         <run_address>0x14988</run_address>
         <size>0x46</size>
         <input_file_ref idref="fl-114"/>
      </object_component>
      <object_component id="oc-8f8">
         <name>.text:HOSTclose</name>
         <load_address>0x149d0</load_address>
         <run_address>0x149d0</run_address>
         <size>0x44</size>
         <input_file_ref idref="fl-100"/>
      </object_component>
      <object_component id="oc-910">
         <name>.text:HOSTunlink</name>
         <load_address>0x14a14</load_address>
         <run_address>0x14a14</run_address>
         <size>0x44</size>
         <input_file_ref idref="fl-106"/>
      </object_component>
      <object_component id="oc-15f">
         <name>.text:__TI_auto_init_nobinit_nopinit:__TI_auto_init_nobinit_nopinit</name>
         <load_address>0x14a58</load_address>
         <run_address>0x14a58</run_address>
         <size>0x44</size>
         <input_file_ref idref="fl-fc"/>
      </object_component>
      <object_component id="oc-948">
         <name>.text:getdevice</name>
         <load_address>0x14a9c</load_address>
         <run_address>0x14a9c</run_address>
         <size>0x44</size>
         <input_file_ref idref="fl-10c"/>
      </object_component>
      <object_component id="oc-620">
         <name>.text:GPIO_setAsOutputPin</name>
         <load_address>0x14ae0</load_address>
         <run_address>0x14ae0</run_address>
         <size>0x40</size>
         <input_file_ref idref="fl-11c"/>
      </object_component>
      <object_component id="oc-36d">
         <name>.text:Graphics_getNumberOfLeadingZeros</name>
         <load_address>0x14b20</load_address>
         <run_address>0x14b20</run_address>
         <size>0x40</size>
         <input_file_ref idref="fl-118"/>
      </object_component>
      <object_component id="oc-479">
         <name>.text:I2C_masterReceiveMultiByteFinish</name>
         <load_address>0x14b60</load_address>
         <run_address>0x14b60</run_address>
         <size>0x40</size>
         <input_file_ref idref="fl-11d"/>
      </object_component>
      <object_component id="oc-7b5">
         <name>.text:is_A_Module</name>
         <load_address>0x14ba0</load_address>
         <run_address>0x14ba0</run_address>
         <size>0x40</size>
         <input_file_ref idref="fl-121"/>
      </object_component>
      <object_component id="oc-cb">
         <name>.text:sprintf</name>
         <load_address>0x14be0</load_address>
         <run_address>0x14be0</run_address>
         <size>0x40</size>
         <input_file_ref idref="fl-d3"/>
      </object_component>
      <object_component id="oc-5d1">
         <name>.text:_fcpy</name>
         <load_address>0x14c20</load_address>
         <run_address>0x14c20</run_address>
         <size>0x3e</size>
         <input_file_ref idref="fl-d2"/>
      </object_component>
      <object_component id="oc-e9">
         <name>.text:ADC14_getEnabledInterruptStatus</name>
         <load_address>0x14c60</load_address>
         <run_address>0x14c60</run_address>
         <size>0x38</size>
         <input_file_ref idref="fl-11a"/>
      </object_component>
      <object_component id="oc-467">
         <name>.text:I2C_masterSendMultiByteStop</name>
         <load_address>0x14c98</load_address>
         <run_address>0x14c98</run_address>
         <size>0x38</size>
         <input_file_ref idref="fl-11d"/>
      </object_component>
      <object_component id="oc-67c">
         <name>.text:__TI_writemsg</name>
         <load_address>0x14cd0</load_address>
         <run_address>0x14cd0</run_address>
         <size>0x38</size>
         <input_file_ref idref="fl-108"/>
      </object_component>
      <object_component id="oc-583">
         <name>.text:Graphics_drawHorizontalLineOnDisplay</name>
         <load_address>0x14d08</load_address>
         <run_address>0x14d08</run_address>
         <size>0x36</size>
         <input_file_ref idref="fl-114"/>
      </object_component>
      <object_component id="oc-962">
         <name>.text:strncpy</name>
         <load_address>0x14d3e</load_address>
         <run_address>0x14d3e</run_address>
         <size>0x36</size>
         <input_file_ref idref="fl-10f"/>
      </object_component>
      <object_component id="oc-27e">
         <name>.text:ADC14_enableSampleTimer</name>
         <load_address>0x14d74</load_address>
         <run_address>0x14d74</run_address>
         <size>0x34</size>
         <input_file_ref idref="fl-11a"/>
      </object_component>
      <object_component id="oc-2d8">
         <name>.text:CS_setDCOCenteredFrequency</name>
         <load_address>0x14da8</load_address>
         <run_address>0x14da8</run_address>
         <size>0x34</size>
         <input_file_ref idref="fl-11b"/>
      </object_component>
      <object_component id="oc-47f">
         <name>.text:I2C_masterSendMultiByteNext</name>
         <load_address>0x14ddc</load_address>
         <run_address>0x14ddc</run_address>
         <size>0x34</size>
         <input_file_ref idref="fl-11d"/>
      </object_component>
      <object_component id="oc-2ba">
         <name>.text:Timer_A_configureContinuousMode</name>
         <load_address>0x14e10</load_address>
         <run_address>0x14e10</run_address>
         <size>0x34</size>
         <input_file_ref idref="fl-123"/>
      </object_component>
      <object_component id="oc-8bd">
         <name>.text:__TI_cleanup</name>
         <load_address>0x14e44</load_address>
         <run_address>0x14e44</run_address>
         <size>0x34</size>
         <input_file_ref idref="fl-f9"/>
      </object_component>
      <object_component id="oc-682">
         <name>.text:__TI_readmsg</name>
         <load_address>0x14e78</load_address>
         <run_address>0x14e78</run_address>
         <size>0x34</size>
         <input_file_ref idref="fl-108"/>
      </object_component>
      <object_component id="oc-58">
         <name>.text:_c_int00_noargs:_c_int00_noargs</name>
         <load_address>0x14eac</load_address>
         <run_address>0x14eac</run_address>
         <size>0x34</size>
         <input_file_ref idref="fl-f0"/>
      </object_component>
      <object_component id="oc-bf">
         <name>.text:rand</name>
         <load_address>0x14ee0</load_address>
         <run_address>0x14ee0</run_address>
         <size>0x34</size>
         <input_file_ref idref="fl-ed"/>
      </object_component>
      <object_component id="oc-ef">
         <name>.text:ADC14_clearInterruptFlag</name>
         <load_address>0x14f14</load_address>
         <run_address>0x14f14</run_address>
         <size>0x30</size>
         <input_file_ref idref="fl-11a"/>
      </object_component>
      <object_component id="oc-26c">
         <name>.text:ADC14_enableInterrupt</name>
         <load_address>0x14f44</load_address>
         <run_address>0x14f44</run_address>
         <size>0x30</size>
         <input_file_ref idref="fl-11a"/>
      </object_component>
      <object_component id="oc-d1">
         <name>.text:GPIO_getInputPinValue</name>
         <load_address>0x14f74</load_address>
         <run_address>0x14f74</run_address>
         <size>0x30</size>
         <input_file_ref idref="fl-11c"/>
      </object_component>
      <object_component id="oc-968">
         <name>.text:finddevice</name>
         <load_address>0x14fa4</load_address>
         <run_address>0x14fa4</run_address>
         <size>0x30</size>
         <input_file_ref idref="fl-10c"/>
      </object_component>
      <object_component id="oc-5b4">
         <name>.text</name>
         <load_address>0x14fd4</load_address>
         <run_address>0x14fd4</run_address>
         <size>0x2e</size>
         <input_file_ref idref="fl-dd"/>
      </object_component>
      <object_component id="oc-1e8">
         <name>.text:ADC14_getInterruptStatus</name>
         <load_address>0x15004</load_address>
         <run_address>0x15004</run_address>
         <size>0x2c</size>
         <input_file_ref idref="fl-11a"/>
      </object_component>
      <object_component id="oc-28a">
         <name>.text:ADC14_toggleConversionTrigger</name>
         <load_address>0x15030</load_address>
         <run_address>0x15030</run_address>
         <size>0x2c</size>
         <input_file_ref idref="fl-11a"/>
      </object_component>
      <object_component id="oc-379">
         <name>.text:Graphics_drawPixelOnDisplay</name>
         <load_address>0x1505c</load_address>
         <run_address>0x1505c</run_address>
         <size>0x2c</size>
         <input_file_ref idref="fl-114"/>
      </object_component>
      <object_component id="oc-928">
         <name>.text:unlink</name>
         <load_address>0x15088</load_address>
         <run_address>0x15088</run_address>
         <size>0x2c</size>
         <input_file_ref idref="fl-112"/>
      </object_component>
      <object_component id="oc-284">
         <name>.text:ADC14_enableConversion</name>
         <load_address>0x150b4</load_address>
         <run_address>0x150b4</run_address>
         <size>0x28</size>
         <input_file_ref idref="fl-11a"/>
      </object_component>
      <object_component id="oc-f5">
         <name>.text:ADC14_getResult</name>
         <load_address>0x150dc</load_address>
         <run_address>0x150dc</run_address>
         <size>0x28</size>
         <input_file_ref idref="fl-11a"/>
      </object_component>
      <object_component id="oc-414">
         <name>.text:GPIO_setOutputHighOnPin</name>
         <load_address>0x15104</load_address>
         <run_address>0x15104</run_address>
         <size>0x28</size>
         <input_file_ref idref="fl-11c"/>
      </object_component>
      <object_component id="oc-40e">
         <name>.text:GPIO_setOutputLowOnPin</name>
         <load_address>0x1512c</load_address>
         <run_address>0x1512c</run_address>
         <size>0x28</size>
         <input_file_ref idref="fl-11c"/>
      </object_component>
      <object_component id="oc-72d">
         <name>.text:free_list_insert</name>
         <load_address>0x15154</load_address>
         <run_address>0x15154</run_address>
         <size>0x28</size>
         <input_file_ref idref="fl-ec"/>
      </object_component>
      <object_component id="oc-8b5">
         <name>.text:lseek</name>
         <load_address>0x1517c</load_address>
         <run_address>0x1517c</run_address>
         <size>0x28</size>
         <input_file_ref idref="fl-10a"/>
      </object_component>
      <object_component id="oc-886">
         <name>.text:write</name>
         <load_address>0x151a4</load_address>
         <run_address>0x151a4</run_address>
         <size>0x28</size>
         <input_file_ref idref="fl-f1"/>
      </object_component>
      <object_component id="oc-2c6">
         <name>.text:WDT_A_holdTimer</name>
         <load_address>0x151cc</load_address>
         <run_address>0x151cc</run_address>
         <size>0x24</size>
         <input_file_ref idref="fl-124"/>
      </object_component>
      <object_component id="oc-2ea">
         <name>.text:srand</name>
         <load_address>0x151f0</load_address>
         <run_address>0x151f0</run_address>
         <size>0x24</size>
         <input_file_ref idref="fl-ed"/>
      </object_component>
      <object_component id="oc-87a">
         <name>.text:memchr</name>
         <load_address>0x15214</load_address>
         <run_address>0x15214</run_address>
         <size>0x20</size>
         <input_file_ref idref="fl-eb"/>
      </object_component>
      <object_component id="oc-1da">
         <name>.text:Graphics_fillRectangleOnDisplay</name>
         <load_address>0x15234</load_address>
         <run_address>0x15234</run_address>
         <size>0x1e</size>
         <input_file_ref idref="fl-114"/>
      </object_component>
      <object_component id="oc-449">
         <name>.text:I2C_setMode</name>
         <load_address>0x15252</load_address>
         <run_address>0x15252</run_address>
         <size>0x1c</size>
         <input_file_ref idref="fl-11d"/>
      </object_component>
      <object_component id="oc-62c">
         <name>.text:SPI_enableModule</name>
         <load_address>0x1526e</load_address>
         <run_address>0x1526e</run_address>
         <size>0x1c</size>
         <input_file_ref idref="fl-121"/>
      </object_component>
      <object_component id="oc-727">
         <name>.text:free_list_remove</name>
         <load_address>0x1528c</load_address>
         <run_address>0x1528c</run_address>
         <size>0x1c</size>
         <input_file_ref idref="fl-ec"/>
      </object_component>
      <object_component id="oc-3b6">
         <name>.text:memccpy</name>
         <load_address>0x152a8</load_address>
         <run_address>0x152a8</run_address>
         <size>0x1c</size>
         <input_file_ref idref="fl-ea"/>
      </object_component>
      <object_component id="oc-42a">
         <name>.text:Graphics_clearDisplayOnDisplay</name>
         <load_address>0x152c4</load_address>
         <run_address>0x152c4</run_address>
         <size>0x1a</size>
         <input_file_ref idref="fl-114"/>
      </object_component>
      <object_component id="oc-29c">
         <name>.text:Graphics_setBackgroundColor</name>
         <load_address>0x152de</load_address>
         <run_address>0x152de</run_address>
         <size>0x1a</size>
         <input_file_ref idref="fl-113"/>
      </object_component>
      <object_component id="oc-2a2">
         <name>.text:Graphics_setFont</name>
         <load_address>0x152f8</load_address>
         <run_address>0x152f8</run_address>
         <size>0x1a</size>
         <input_file_ref idref="fl-113"/>
      </object_component>
      <object_component id="oc-46d">
         <name>.text:I2C_masterReceiveStart</name>
         <load_address>0x15312</load_address>
         <run_address>0x15312</run_address>
         <size>0x1a</size>
         <input_file_ref idref="fl-11d"/>
      </object_component>
      <object_component id="oc-796">
         <name>.text:copysign</name>
         <load_address>0x1532c</load_address>
         <run_address>0x1532c</run_address>
         <size>0x1a</size>
         <input_file_ref idref="fl-f6"/>
      </object_component>
      <object_component id="oc-461">
         <name>.text:I2C_getInterruptStatus</name>
         <load_address>0x15346</load_address>
         <run_address>0x15346</run_address>
         <size>0x18</size>
         <input_file_ref idref="fl-11d"/>
      </object_component>
      <object_component id="oc-455">
         <name>.text:I2C_isBusBusy</name>
         <load_address>0x15360</load_address>
         <run_address>0x15360</run_address>
         <size>0x18</size>
         <input_file_ref idref="fl-11d"/>
      </object_component>
      <object_component id="oc-1bb">
         <name>.text:_outs</name>
         <load_address>0x15378</load_address>
         <run_address>0x15378</run_address>
         <size>0x18</size>
         <input_file_ref idref="fl-d3"/>
      </object_component>
      <object_component id="oc-97b">
         <name>.text:strcmp</name>
         <load_address>0x15390</load_address>
         <run_address>0x15390</run_address>
         <size>0x18</size>
         <input_file_ref idref="fl-10d"/>
      </object_component>
      <object_component id="oc-7bd">
         <name>.text:EUSCI_A_SPI_enable</name>
         <load_address>0x153a8</load_address>
         <run_address>0x153a8</run_address>
         <size>0x16</size>
         <input_file_ref idref="fl-121"/>
      </object_component>
      <object_component id="oc-7c3">
         <name>.text:EUSCI_B_SPI_enable</name>
         <load_address>0x153be</load_address>
         <run_address>0x153be</run_address>
         <size>0x16</size>
         <input_file_ref idref="fl-121"/>
      </object_component>
      <object_component id="oc-d7">
         <name>.text:Graphics_setForegroundColor</name>
         <load_address>0x153d4</load_address>
         <run_address>0x153d4</run_address>
         <size>0x16</size>
         <input_file_ref idref="fl-113"/>
      </object_component>
      <object_component id="oc-1d2">
         <name>.text:Graphics_translateColorOnDisplay</name>
         <load_address>0x153ea</load_address>
         <run_address>0x153ea</run_address>
         <size>0x16</size>
         <input_file_ref idref="fl-114"/>
      </object_component>
      <object_component id="oc-44f">
         <name>.text:I2C_clearInterruptFlag</name>
         <load_address>0x15400</load_address>
         <run_address>0x15400</run_address>
         <size>0x16</size>
         <input_file_ref idref="fl-11d"/>
      </object_component>
      <object_component id="oc-43d">
         <name>.text:I2C_disableModule</name>
         <load_address>0x15416</load_address>
         <run_address>0x15416</run_address>
         <size>0x16</size>
         <input_file_ref idref="fl-11d"/>
      </object_component>
      <object_component id="oc-443">
         <name>.text:I2C_enableModule</name>
         <load_address>0x1542c</load_address>
         <run_address>0x1542c</run_address>
         <size>0x16</size>
         <input_file_ref idref="fl-11d"/>
      </object_component>
      <object_component id="oc-e3">
         <name>.text:Timer_A_clearInterruptFlag</name>
         <load_address>0x15442</load_address>
         <run_address>0x15442</run_address>
         <size>0x16</size>
         <input_file_ref idref="fl-123"/>
      </object_component>
      <object_component id="oc-2c0">
         <name>.text:Timer_A_startCounter</name>
         <load_address>0x15458</load_address>
         <run_address>0x15458</run_address>
         <size>0x16</size>
         <input_file_ref idref="fl-123"/>
      </object_component>
      <object_component id="oc-5e5">
         <name>.text:strchr</name>
         <load_address>0x1546e</load_address>
         <run_address>0x1546e</run_address>
         <size>0x16</size>
         <input_file_ref idref="fl-ee"/>
      </object_component>
      <object_component id="oc-473">
         <name>.text:I2C_masterReceiveMultiByteNext</name>
         <load_address>0x15484</load_address>
         <run_address>0x15484</run_address>
         <size>0x14</size>
         <input_file_ref idref="fl-11d"/>
      </object_component>
      <object_component id="oc-48b">
         <name>.text:I2C_setSlaveAddress</name>
         <load_address>0x15498</load_address>
         <run_address>0x15498</run_address>
         <size>0x14</size>
         <input_file_ref idref="fl-11d"/>
      </object_component>
      <object_component id="oc-66f">
         <name>.text:PCM_getPowerState</name>
         <load_address>0x154ac</load_address>
         <run_address>0x154ac</run_address>
         <size>0x14</size>
         <input_file_ref idref="fl-11f"/>
      </object_component>
      <object_component id="oc-93e">
         <name>.text:strcpy</name>
         <load_address>0x154c0</load_address>
         <run_address>0x154c0</run_address>
         <size>0x14</size>
         <input_file_ref idref="fl-10e"/>
      </object_component>
      <object_component id="oc-387">
         <name>.text:strlen</name>
         <load_address>0x154d4</load_address>
         <run_address>0x154d4</run_address>
         <size>0x14</size>
         <input_file_ref idref="fl-ef"/>
      </object_component>
      <object_component id="oc-2a8">
         <name>.text:Graphics_clearDisplay</name>
         <load_address>0x154e8</load_address>
         <run_address>0x154e8</run_address>
         <size>0x12</size>
         <input_file_ref idref="fl-113"/>
      </object_component>
      <object_component id="oc-3bc">
         <name>.text:wcslen</name>
         <load_address>0x154fa</load_address>
         <run_address>0x154fa</run_address>
         <size>0x12</size>
         <input_file_ref idref="fl-f5"/>
      </object_component>
      <object_component id="oc-3f0">
         <name>.text:ADCIsConversionRunning</name>
         <load_address>0x1550c</load_address>
         <run_address>0x1550c</run_address>
         <size>0x10</size>
         <input_file_ref idref="fl-11a"/>
      </object_component>
      <object_component id="oc-2cc">
         <name>.text:Interrupt_disableMaster</name>
         <load_address>0x1551c</load_address>
         <run_address>0x1551c</run_address>
         <size>0x10</size>
         <input_file_ref idref="fl-11e"/>
      </object_component>
      <object_component id="oc-278">
         <name>.text:Interrupt_enableMaster</name>
         <load_address>0x1552c</load_address>
         <run_address>0x1552c</run_address>
         <size>0x10</size>
         <input_file_ref idref="fl-11e"/>
      </object_component>
      <object_component id="oc-2d2">
         <name>.text:PCM_setCoreVoltageLevel</name>
         <load_address>0x1553c</load_address>
         <run_address>0x1553c</run_address>
         <size>0x10</size>
         <input_file_ref idref="fl-11f"/>
      </object_component>
      <object_component id="oc-675">
         <name>.text:PCM_setPowerMode</name>
         <load_address>0x1554c</load_address>
         <run_address>0x1554c</run_address>
         <size>0x10</size>
         <input_file_ref idref="fl-11f"/>
      </object_component>
      <object_component id="oc-a0">
         <name>.text</name>
         <load_address>0x1555c</load_address>
         <run_address>0x1555c</run_address>
         <size>0x10</size>
         <input_file_ref idref="fl-5"/>
      </object_component>
      <object_component id="oc-2e4">
         <name>.text:__time32</name>
         <load_address>0x1556c</load_address>
         <run_address>0x1556c</run_address>
         <size>0xe</size>
         <input_file_ref idref="fl-f3"/>
      </object_component>
      <object_component id="oc-1d">
         <name>.text:decompress:none:__TI_decompress_none</name>
         <load_address>0x1557a</load_address>
         <run_address>0x1557a</run_address>
         <size>0xe</size>
         <input_file_ref idref="fl-e2"/>
      </object_component>
      <object_component id="oc-6a">
         <name>.text</name>
         <load_address>0x15588</load_address>
         <run_address>0x15588</run_address>
         <size>0xe</size>
         <input_file_ref idref="fl-6"/>
      </object_component>
      <object_component id="oc-254">
         <name>.text:ADC14_enableModule</name>
         <load_address>0x15598</load_address>
         <run_address>0x15598</run_address>
         <size>0xc</size>
         <input_file_ref idref="fl-11a"/>
      </object_component>
      <object_component id="oc-4a0">
         <name>.text:CPU_cpsid</name>
         <load_address>0x155a4</load_address>
         <run_address>0x155a4</run_address>
         <size>0xc</size>
         <input_file_ref idref="fl-125"/>
      </object_component>
      <object_component id="oc-3fe">
         <name>.text:CPU_cpsie</name>
         <load_address>0x155b0</load_address>
         <run_address>0x155b0</run_address>
         <size>0xc</size>
         <input_file_ref idref="fl-125"/>
      </object_component>
      <object_component id="oc-4c">
         <name>.text:decompress:ZI:__TI_zero_init</name>
         <load_address>0x155bc</load_address>
         <run_address>0x155bc</run_address>
         <size>0xc</size>
         <input_file_ref idref="fl-e1"/>
      </object_component>
      <object_component id="oc-1c1">
         <name>.text:_outc</name>
         <load_address>0x155c8</load_address>
         <run_address>0x155c8</run_address>
         <size>0xa</size>
         <input_file_ref idref="fl-d3"/>
      </object_component>
      <object_component id="oc-3c2">
         <name>.text:__aeabi_errno_addr</name>
         <load_address>0x155d4</load_address>
         <run_address>0x155d4</run_address>
         <size>0x8</size>
         <input_file_ref idref="fl-f4"/>
      </object_component>
      <object_component id="oc-720">
         <name>.text:malloc</name>
         <load_address>0x155dc</load_address>
         <run_address>0x155dc</run_address>
         <size>0x8</size>
         <input_file_ref idref="fl-ec"/>
      </object_component>
      <object_component id="oc-6c8">
         <name>.text:_outc</name>
         <load_address>0x155e4</load_address>
         <run_address>0x155e4</run_address>
         <size>0x4</size>
         <input_file_ref idref="fl-d1"/>
      </object_component>
      <object_component id="oc-6c2">
         <name>.text:_outs</name>
         <load_address>0x155e8</load_address>
         <run_address>0x155e8</run_address>
         <size>0x4</size>
         <input_file_ref idref="fl-d1"/>
      </object_component>
      <object_component id="oc-9a">
         <name>.text:_system_pre_init</name>
         <load_address>0x155ec</load_address>
         <run_address>0x155ec</run_address>
         <size>0x4</size>
         <input_file_ref idref="fl-fd"/>
      </object_component>
      <object_component id="oc-153">
         <name>.text:abort:abort</name>
         <load_address>0x155f0</load_address>
         <run_address>0x155f0</run_address>
         <size>0x4</size>
         <input_file_ref idref="fl-e4"/>
      </object_component>
      <object_component id="oc-6f8">
         <name>.const:.string:pixelPongTitle</name>
         <load_address>0xe4</load_address>
         <run_address>0xe4</run_address>
         <size>0x3000</size>
         <input_file_ref idref="fl-a"/>
      </object_component>
      <object_component id="oc-708">
         <name>.const:.string:pixelRinoBackground</name>
         <load_address>0x30e4</load_address>
         <run_address>0x30e4</run_address>
         <size>0x3000</size>
         <input_file_ref idref="fl-b"/>
      </object_component>
      <object_component id="oc-6d3">
         <name>.const:.string:pixelSnakeTitle</name>
         <load_address>0x60e4</load_address>
         <run_address>0x60e4</run_address>
         <size>0x3000</size>
         <input_file_ref idref="fl-c"/>
      </object_component>
      <object_component id="oc-700">
         <name>.const:.string:pixelTitleRhino</name>
         <load_address>0x90e4</load_address>
         <run_address>0x90e4</run_address>
         <size>0x3000</size>
         <input_file_ref idref="fl-b"/>
      </object_component>
      <object_component id="oc-53e">
         <name>.const:.string:pixelBackground</name>
         <load_address>0xc0e4</load_address>
         <run_address>0xc0e4</run_address>
         <size>0x800</size>
         <input_file_ref idref="fl-9"/>
      </object_component>
      <object_component id="oc-6aa">
         <name>.const:.string:pixelSnakeBackground</name>
         <load_address>0xc8e4</load_address>
         <run_address>0xc8e4</run_address>
         <size>0x600</size>
         <input_file_ref idref="fl-c"/>
      </object_component>
      <object_component id="oc-4c3">
         <name>.const:.string:g_pucFontFixed6x8Data</name>
         <load_address>0xcee4</load_address>
         <run_address>0xcee4</run_address>
         <size>0x2f8</size>
         <input_file_ref idref="fl-115"/>
      </object_component>
      <object_component id="oc-543">
         <name>.const:.string:pixelGameOver</name>
         <load_address>0xd1dc</load_address>
         <run_address>0xd1dc</run_address>
         <size>0x180</size>
         <input_file_ref idref="fl-9"/>
      </object_component>
      <object_component id="oc-536">
         <name>.const:.string:pixelLogo</name>
         <load_address>0xd35c</load_address>
         <run_address>0xd35c</run_address>
         <size>0x120</size>
         <input_file_ref idref="fl-9"/>
      </object_component>
      <object_component id="oc-50c">
         <name>.const:.string:pixelRino2</name>
         <load_address>0xd47c</load_address>
         <run_address>0xd47c</run_address>
         <size>0x120</size>
         <input_file_ref idref="fl-b"/>
      </object_component>
      <object_component id="oc-50f">
         <name>.const:.string:pixelRino</name>
         <load_address>0xd59c</load_address>
         <run_address>0xd59c</run_address>
         <size>0x120</size>
         <input_file_ref idref="fl-b"/>
      </object_component>
      <object_component id="oc-58e">
         <name>.const:.string:_ctypes_</name>
         <load_address>0xd6bc</load_address>
         <run_address>0xd6bc</run_address>
         <size>0x101</size>
         <input_file_ref idref="fl-e8"/>
      </object_component>
      <object_component id="oc-71b">
         <name>.const:.string:pixelBird</name>
         <load_address>0xd7bd</load_address>
         <run_address>0xd7bd</run_address>
         <size>0xe0</size>
         <input_file_ref idref="fl-b"/>
      </object_component>
      <object_component id="oc-2f6">
         <name>.const:g_sFontFixed6x8</name>
         <load_address>0xd8a0</load_address>
         <run_address>0xd8a0</run_address>
         <size>0xc8</size>
         <input_file_ref idref="fl-115"/>
      </object_component>
      <object_component id="oc-557">
         <name>.const:.string:pixelTextFloppyDisk</name>
         <load_address>0xd968</load_address>
         <run_address>0xd968</run_address>
         <size>0xc0</size>
         <input_file_ref idref="fl-9"/>
      </object_component>
      <object_component id="oc-54d">
         <name>.const:.string:pixelTextPong</name>
         <load_address>0xda28</load_address>
         <run_address>0xda28</run_address>
         <size>0xc0</size>
         <input_file_ref idref="fl-9"/>
      </object_component>
      <object_component id="oc-552">
         <name>.const:.string:pixelTextRhino</name>
         <load_address>0xdae8</load_address>
         <run_address>0xdae8</run_address>
         <size>0xc0</size>
         <input_file_ref idref="fl-9"/>
      </object_component>
      <object_component id="oc-548">
         <name>.const:.string:pixelTextSnake</name>
         <load_address>0xdba8</load_address>
         <run_address>0xdba8</run_address>
         <size>0xc0</size>
         <input_file_ref idref="fl-9"/>
      </object_component>
      <object_component id="oc-1f6">
         <name>.const:_ctlRegs</name>
         <load_address>0xdc68</load_address>
         <run_address>0xdc68</run_address>
         <size>0x80</size>
         <input_file_ref idref="fl-11a"/>
      </object_component>
      <object_component id="oc-55f">
         <name>.const:.string:pixelTextSelectGame</name>
         <load_address>0xdce8</load_address>
         <run_address>0xdce8</run_address>
         <size>0x6e</size>
         <input_file_ref idref="fl-9"/>
      </object_component>
      <object_component id="oc-6ba">
         <name>.const:.string:pixelSnakeApple</name>
         <load_address>0xdd56</load_address>
         <run_address>0xdd56</run_address>
         <size>0x40</size>
         <input_file_ref idref="fl-c"/>
      </object_component>
      <object_component id="oc-1ce">
         <name>.const:GPIO_PORT_TO_BASE</name>
         <load_address>0xdd98</load_address>
         <run_address>0xdd98</run_address>
         <size>0x30</size>
         <input_file_ref idref="fl-11c"/>
      </object_component>
      <object_component id="oc-2f3">
         <name>.const:g_sCrystalfontz128x128_funcs</name>
         <load_address>0xddc8</load_address>
         <run_address>0xddc8</run_address>
         <size>0x20</size>
         <input_file_ref idref="fl-11"/>
      </object_component>
      <object_component id="oc-6f5">
         <name>.const:palettePongTitle</name>
         <load_address>0xdde8</load_address>
         <run_address>0xdde8</run_address>
         <size>0x20</size>
         <input_file_ref idref="fl-a"/>
      </object_component>
      <object_component id="oc-6d0">
         <name>.const:paletteSnakeTitle</name>
         <load_address>0xde08</load_address>
[...]
         <name>__TI_writemsg</name>
         <value>0x14cd1</value>
         <object_component_ref idref="oc-67c"/>
      </symbol>
      <symbol id="sm-cf6">
         <name>lseek</name>
         <value>0x1517d</value>
         <object_component_ref idref="oc-8b5"/>
      </symbol>
      <symbol id="sm-d0b">
         <name>__TI_closefile</name>
         <value>0x13df5</value>
         <object_component_ref idref="oc-8e6"/>
      </symbol>
      <symbol id="sm-d2e">
         <name>finddevice</name>
         <value>0x14fa5</value>
         <object_component_ref idref="oc-968"/>
      </symbol>
      <symbol id="sm-d2f">
         <name>getdevice</name>
         <value>0x14a9d</value>
         <object_component_ref idref="oc-948"/>
      </symbol>
      <symbol id="sm-d3e">
         <name>strcmp</name>
         <value>0x15391</value>
         <object_component_ref idref="oc-97b"/>
      </symbol>
      <symbol id="sm-d4c">
         <name>strcpy</name>
         <value>0x154c1</value>
         <object_component_ref idref="oc-93e"/>
      </symbol>
      <symbol id="sm-d5c">
         <name>strncpy</name>
         <value>0x14d3f</value>
         <object_component_ref idref="oc-962"/>
      </symbol>
      <symbol id="sm-d71">
         <name>close</name>
         <value>0x14479</value>
         <object_component_ref idref="oc-922"/>
      </symbol>
      <symbol id="sm-d81">
         <name>unlink</name>
         <value>0x15089</value>
         <object_component_ref idref="oc-928"/>
      </symbol>
      <symbol id="sm-dc7">
         <name>Graphics_setBackgroundColor</name>
         <value>0x152df</value>
         <object_component_ref idref="oc-29c"/>
      </symbol>
      <symbol id="sm-dc8">
         <name>Graphics_setFont</name>
         <value>0x152f9</value>
         <object_component_ref idref="oc-2a2"/>
      </symbol>
      <symbol id="sm-dc9">
         <name>Graphics_initContext</name>
         <value>0x146e1</value>
         <object_component_ref idref="oc-296"/>
      </symbol>
      <symbol id="sm-dca">
         <name>Graphics_setForegroundColor</name>
         <value>0x153d5</value>
         <object_component_ref idref="oc-d7"/>
      </symbol>
      <symbol id="sm-dcb">
         <name>Graphics_clearDisplay</name>
         <value>0x154e9</value>
         <object_component_ref idref="oc-2a8"/>
      </symbol>
      <symbol id="sm-e00">
         <name>Graphics_clearDisplayOnDisplay</name>
         <value>0x152c5</value>
         <object_component_ref idref="oc-42a"/>
      </symbol>
      <symbol id="sm-e01">
         <name>Graphics_drawPixelOnDisplay</name>
         <value>0x1505d</value>
         <object_component_ref idref="oc-379"/>
      </symbol>
      <symbol id="sm-e02">
         <name>Graphics_translateColorOnDisplay</name>
         <value>0x153eb</value>
         <object_component_ref idref="oc-1d2"/>
      </symbol>
      <symbol id="sm-e03">
         <name>Graphics_drawHorizontalLineOnDisplay</name>
         <value>0x14d09</value>
         <object_component_ref idref="oc-583"/>
      </symbol>
      <symbol id="sm-e04">
         <name>Graphics_drawMultiplePixelsOnDisplay</name>
         <value>0x14989</value>
         <object_component_ref idref="oc-4d1"/>
      </symbol>
      <symbol id="sm-e05">
         <name>Graphics_fillRectangleOnDisplay</name>
         <value>0x15235</value>
         <object_component_ref idref="oc-1da"/>
      </symbol>
      <symbol id="sm-e17">
         <name>g_sFontFixed6x8</name>
         <value>0xd8a0</value>
         <object_component_ref idref="oc-2f6"/>
      </symbol>
      <symbol id="sm-e4d">
         <name>Graphics_drawImage</name>
         <value>0x10a45</value>
         <object_component_ref idref="oc-2fd"/>
      </symbol>
      <symbol id="sm-e64">
         <name>Graphics_fillRectangle</name>
         <value>0x12bfd</value>
         <object_component_ref idref="oc-dd"/>
      </symbol>
      <symbol id="sm-ebc">
         <name>Graphics_drawStringCentered</name>
         <value>0x14869</value>
         <object_component_ref idref="oc-c5"/>
      </symbol>
      <symbol id="sm-ebd">
         <name>Graphics_drawString</name>
         <value>0xfd89</value>
         <object_component_ref idref="oc-1ad"/>
      </symbol>
      <symbol id="sm-ebe">
         <name>Graphics_getStringWidth</name>
         <value>0x13231</value>
         <object_component_ref idref="oc-1a7"/>
      </symbol>
      <symbol id="sm-ed1">
         <name>Graphics_drawLineH</name>
         <value>0x13883</value>
         <object_component_ref idref="oc-373"/>
      </symbol>
      <symbol id="sm-fc8">
         <name>ADC14_enableInterrupt</name>
         <value>0x14f45</value>
         <object_component_ref idref="oc-26c"/>
      </symbol>
      <symbol id="sm-fc9">
         <name>ADC14_getInterruptStatus</name>
         <value>0x15005</value>
         <object_component_ref idref="oc-1e8"/>
      </symbol>
      <symbol id="sm-fca">
         <name>ADC14_enableSampleTimer</name>
         <value>0x14d75</value>
         <object_component_ref idref="oc-27e"/>
      </symbol>
      <symbol id="sm-fcb">
         <name>ADC14_enableConversion</name>
         <value>0x150b5</value>
         <object_component_ref idref="oc-284"/>
      </symbol>
      <symbol id="sm-fcc">
         <name>ADC14_toggleConversionTrigger</name>
         <value>0x15031</value>
         <object_component_ref idref="oc-28a"/>
      </symbol>
      <symbol id="sm-fcd">
         <name>ADC14_getEnabledInterruptStatus</name>
         <value>0x14c61</value>
         <object_component_ref idref="oc-e9"/>
      </symbol>
      <symbol id="sm-fce">
         <name>ADC14_initModule</name>
         <value>0x14639</value>
         <object_component_ref idref="oc-25a"/>
      </symbol>
      <symbol id="sm-fcf">
         <name>ADC14_configureMultiSequenceMode</name>
         <value>0x1366d</value>
         <object_component_ref idref="oc-260"/>
      </symbol>
      <symbol id="sm-fd0">
         <name>ADC14_clearInterruptFlag</name>
         <value>0x14f15</value>
         <object_component_ref idref="oc-ef"/>
      </symbol>
      <symbol id="sm-fd1">
         <name>ADC14_configureConversionMemory</name>
         <value>0x135b9</value>
         <object_component_ref idref="oc-266"/>
      </symbol>
      <symbol id="sm-fd2">
         <name>ADC14_enableModule</name>
         <value>0x15599</value>
         <object_component_ref idref="oc-254"/>
      </symbol>
      <symbol id="sm-fd3">
         <name>ADC14_getResult</name>
         <value>0x150dd</value>
         <object_component_ref idref="oc-f5"/>
      </symbol>
      <symbol id="sm-1002">
         <name>CS_setDCOCenteredFrequency</name>
         <value>0x14da9</value>
         <object_component_ref idref="oc-2d8"/>
      </symbol>
      <symbol id="sm-1003">
         <name>CS_initClockSignal</name>
         <value>0x1277d</value>
         <object_component_ref idref="oc-2de"/>
      </symbol>
      <symbol id="sm-1057">
         <name>GPIO_setOutputHighOnPin</name>
         <value>0x15105</value>
         <object_component_ref idref="oc-414"/>
      </symbol>
      <symbol id="sm-1058">
         <name>GPIO_setAsOutputPin</name>
         <value>0x14ae1</value>
         <object_component_ref idref="oc-620"/>
      </symbol>
      <symbol id="sm-1059">
         <name>GPIO_setOutputLowOnPin</name>
         <value>0x1512d</value>
         <object_component_ref idref="oc-40e"/>
      </symbol>
      <symbol id="sm-105a">
         <name>GPIO_setAsPeripheralModuleFunctionOutputPin</name>
         <value>0x13b65</value>
         <object_component_ref idref="oc-431"/>
      </symbol>
      <symbol id="sm-105b">
         <name>GPIO_getInputPinValue</name>
         <value>0x14f75</value>
         <object_component_ref idref="oc-d1"/>
      </symbol>
      <symbol id="sm-105c">
         <name>GPIO_setAsPeripheralModuleFunctionInputPin</name>
         <value>0x13add</value>
         <object_component_ref idref="oc-24e"/>
      </symbol>
      <symbol id="sm-1100">
         <name>I2C_masterSendMultiByteStop</name>
         <value>0x14c99</value>
         <object_component_ref idref="oc-467"/>
      </symbol>
      <symbol id="sm-1101">
         <name>I2C_masterSendMultiByteFinish</name>
         <value>0x14021</value>
         <object_component_ref idref="oc-485"/>
      </symbol>
      <symbol id="sm-1102">
         <name>I2C_masterSendMultiByteNext</name>
         <value>0x14ddd</value>
         <object_component_ref idref="oc-47f"/>
      </symbol>
      <symbol id="sm-1103">
         <name>I2C_masterSendMultiByteStart</name>
         <value>0x140f5</value>
         <object_component_ref idref="oc-45b"/>
      </symbol>
      <symbol id="sm-1104">
         <name>I2C_masterReceiveMultiByteNext</name>
         <value>0x15485</value>
         <object_component_ref idref="oc-473"/>
      </symbol>
      <symbol id="sm-1105">
         <name>I2C_getInterruptStatus</name>
         <value>0x15347</value>
         <object_component_ref idref="oc-461"/>
      </symbol>
      <symbol id="sm-1106">
         <name>I2C_setMode</name>
         <value>0x15253</value>
         <object_component_ref idref="oc-449"/>
      </symbol>
      <symbol id="sm-1107">
         <name>I2C_isBusBusy</name>
         <value>0x15361</value>
         <object_component_ref idref="oc-455"/>
      </symbol>
      <symbol id="sm-1108">
         <name>I2C_masterReceiveMultiByteFinish</name>
         <value>0x14b61</value>
         <object_component_ref idref="oc-479"/>
      </symbol>
      <symbol id="sm-1109">
         <name>I2C_enableModule</name>
         <value>0x1542d</value>
         <object_component_ref idref="oc-443"/>
      </symbol>
      <symbol id="sm-110a">
         <name>I2C_masterReceiveStart</name>
         <value>0x15313</value>
         <object_component_ref idref="oc-46d"/>
      </symbol>
      <symbol id="sm-110b">
         <name>I2C_clearInterruptFlag</name>
         <value>0x15401</value>
         <object_component_ref idref="oc-44f"/>
      </symbol>
      <symbol id="sm-110c">
         <name>I2C_setSlaveAddress</name>
         <value>0x15499</value>
         <object_component_ref idref="oc-48b"/>
      </symbol>
      <symbol id="sm-110d">
         <name>I2C_initMaster</name>
         <value>0x142f5</value>
         <object_component_ref idref="oc-437"/>
      </symbol>
      <symbol id="sm-110e">
         <name>I2C_disableModule</name>
         <value>0x15417</value>
         <object_component_ref idref="oc-43d"/>
      </symbol>
      <symbol id="sm-113d">
         <name>Interrupt_disableMaster</name>
         <value>0x1551d</value>
         <object_component_ref idref="oc-2cc"/>
      </symbol>
      <symbol id="sm-113e">
         <name>Interrupt_enableMaster</name>
         <value>0x1552d</value>
         <object_component_ref idref="oc-278"/>
      </symbol>
      <symbol id="sm-113f">
         <name>Interrupt_enableInterrupt</name>
         <value>0x13cf9</value>
         <object_component_ref idref="oc-272"/>
      </symbol>
      <symbol id="sm-11bd">
         <name>PCM_setCoreVoltageLevel</name>
         <value>0x1553d</value>
         <object_component_ref idref="oc-2d2"/>
      </symbol>
      <symbol id="sm-11be">
         <name>PCM_getCoreVoltageLevel</name>
         <value>0x14419</value>
         <object_component_ref idref="oc-669"/>
      </symbol>
      <symbol id="sm-11bf">
         <name>PCM_getPowerMode</name>
         <value>0x144d5</value>
         <object_component_ref idref="oc-663"/>
      </symbol>
      <symbol id="sm-11c0">
         <name>PCM_getPowerState</name>
         <value>0x154ad</value>
         <object_component_ref idref="oc-66f"/>
      </symbol>
      <symbol id="sm-11c1">
         <name>PCM_setPowerMode</name>
         <value>0x1554d</value>
         <object_component_ref idref="oc-675"/>
      </symbol>
      <symbol id="sm-1201">
         <name>EUSCI_B_SPI_enable</name>
         <value>0x153bf</value>
         <object_component_ref idref="oc-7c3"/>
      </symbol>
      <symbol id="sm-1202">
         <name>SPI_enableModule</name>
         <value>0x1526f</value>
         <object_component_ref idref="oc-62c"/>
      </symbol>
      <symbol id="sm-1203">
         <name>EUSCI_A_SPI_enable</name>
         <value>0x153a9</value>
         <object_component_ref idref="oc-7bd"/>
      </symbol>
      <symbol id="sm-1204">
         <name>SPI_initMaster</name>
         <value>0x137d3</value>
         <object_component_ref idref="oc-626"/>
      </symbol>
      <symbol id="sm-124c">
         <name>Timer_A_getCounterValue</name>
         <value>0x14785</value>
         <object_component_ref idref="oc-b9"/>
      </symbol>
      <symbol id="sm-124d">
         <name>Timer_A_startCounter</name>
         <value>0x15459</value>
         <object_component_ref idref="oc-2c0"/>
      </symbol>
      <symbol id="sm-124e">
         <name>Timer_A_clearInterruptFlag</name>
         <value>0x15443</value>
         <object_component_ref idref="oc-e3"/>
      </symbol>
      <symbol id="sm-124f">
         <name>Timer_A_configureContinuousMode</name>
         <value>0x14e11</value>
         <object_component_ref idref="oc-2ba"/>
      </symbol>
      <symbol id="sm-125b">
         <name>WDT_A_holdTimer</name>
         <value>0x151cd</value>
         <object_component_ref idref="oc-2c6"/>
      </symbol>
      <symbol id="sm-126d">
         <name>CPU_cpsie</name>
         <value>0x155b1</value>
         <object_component_ref idref="oc-3fe"/>
      </symbol>
      <symbol id="sm-126e">
         <name>CPU_cpsid</name>
         <value>0x155a5</value>
         <object_component_ref idref="oc-4a0"/>
      </symbol>
      <symbol id="sm-126f">
         <name>__TI_static_base__</name>
         <value>0x0</value>
      </symbol>
      <symbol id="sm-1272">
         <name>__mpu_init</name>
         <value>0x0</value>
      </symbol>
      <symbol id="sm-1273">
         <name>_system_post_cinit</name>
         <value>0x0</value>
      </symbol>
      <symbol id="sm-1274">
         <name>NMI_Handler</name>
         <value>0x15595</value>
      </symbol>
      <symbol id="sm-1275">
         <name>HardFault_Handler</name>
         <value>0x15595</value>
      </symbol>
      <symbol id="sm-1276">
         <name>MemManage_Handler</name>
         <value>0x15595</value>
      </symbol>
      <symbol id="sm-1277">
         <name>BusFault_Handler</name>
         <value>0x15595</value>
      </symbol>
      <symbol id="sm-1278">
         <name>UsageFault_Handler</name>
         <value>0x15595</value>
      </symbol>
      <symbol id="sm-1279">
         <name>SVC_Handler</name>
         <value>0x15595</value>
      </symbol>
      <symbol id="sm-127a">
         <name>DebugMon_Handler</name>
         <value>0x15595</value>
      </symbol>
      <symbol id="sm-127b">
         <name>PendSV_Handler</name>
         <value>0x15595</value>
      </symbol>
      <symbol id="sm-127c">
         <name>SysTick_Handler</name>
         <value>0x15595</value>
      </symbol>
      <symbol id="sm-127d">
         <name>PSS_IRQHandler</name>
         <value>0x15595</value>
      </symbol>
      <symbol id="sm-127e">
         <name>CS_IRQHandler</name>
         <value>0x15595</value>
      </symbol>
      <symbol id="sm-127f">
         <name>PCM_IRQHandler</name>
         <value>0x15595</value>
      </symbol>
      <symbol id="sm-1280">
         <name>WDT_A_IRQHandler</name>
         <value>0x15595</value>
      </symbol>
      <symbol id="sm-1281">
         <name>FPU_IRQHandler</name>
         <value>0x15595</value>
      </symbol>
      <symbol id="sm-1282">
         <name>FLCTL_IRQHandler</name>
         <value>0x15595</value>
      </symbol>
      <symbol id="sm-1283">
         <name>COMP_E0_IRQHandler</name>
         <value>0x15595</value>
      </symbol>
      <symbol id="sm-1284">
         <name>COMP_E1_IRQHandler</name>
         <value>0x15595</value>
      </symbol>
      <symbol id="sm-1285">
         <name>TA0_0_IRQHandler</name>
         <value>0x15595</value>
      </symbol>
      <symbol id="sm-1286">
         <name>TA0_N_IRQHandler</name>
         <value>0x15595</value>
      </symbol>
      <symbol id="sm-1287">
         <name>TA1_0_IRQHandler</name>
         <value>0x15595</value>
      </symbol>
      <symbol id="sm-1288">
         <name>TA1_N_IRQHandler</name>
         <value>0x15595</value>
      </symbol>
      <symbol id="sm-1289">
         <name>TA2_0_IRQHandler</name>
         <value>0x15595</value>
      </symbol>
      <symbol id="sm-128a">
         <name>TA2_N_IRQHandler</name>
         <value>0x11a2f</value>
      </symbol>
      <symbol id="sm-128b">
         <name>TA3_0_IRQHandler</name>
         <value>0x15595</value>
      </symbol>
      <symbol id="sm-128c">
         <name>TA3_N_IRQHandler</name>
         <value>0x15595</value>
      </symbol>
      <symbol id="sm-128d">
         <name>EUSCIA0_IRQHandler</name>
         <value>0x15595</value>
      </symbol>
      <symbol id="sm-128e">
         <name>EUSCIA1_IRQHandler</name>
         <value>0x15595</value>
      </symbol>
      <symbol id="sm-128f">
         <name>EUSCIA2_IRQHandler</name>
         <value>0x15595</value>
      </symbol>
      <symbol id="sm-1290">
         <name>EUSCIA3_IRQHandler</name>
         <value>0x15595</value>
      </symbol>
      <symbol id="sm-1291">
         <name>EUSCIB0_IRQHandler</name>
         <value>0x15595</value>
      </symbol>
      <symbol id="sm-1292">
         <name>EUSCIB1_IRQHandler</name>
         <value>0x15595</value>
      </symbol>
      <symbol id="sm-1293">
         <name>EUSCIB2_IRQHandler</name>
         <value>0x15595</value>
      </symbol>
      <symbol id="sm-1294">
         <name>EUSCIB3_IRQHandler</name>
         <value>0x15595</value>
      </symbol>
      <symbol id="sm-1295">
         <name>ADC14_IRQHandler</name>
         <value>0x11a39</value>
      </symbol>
      <symbol id="sm-1296">
         <name>T32_INT1_IRQHandler</name>
         <value>0x15595</value>
      </symbol>
      <symbol id="sm-1297">
         <name>T32_INT2_IRQHandler</name>
         <value>0x15595</value>
      </symbol>
      <symbol id="sm-1298">
         <name>T32_INTC_IRQHandler</name>
         <value>0x15595</value>
      </symbol>
      <symbol id="sm-1299">
         <name>AES256_IRQHandler</name>
         <value>0x15595</value>
      </symbol>
      <symbol id="sm-129a">
         <name>RTC_C_IRQHandler</name>
         <value>0x15595</value>
      </symbol>
      <symbol id="sm-129b">
         <name>DMA_ERR_IRQHandler</name>
         <value>0x15595</value>
      </symbol>
      <symbol id="sm-129c">
         <name>DMA_INT3_IRQHandler</name>
         <value>0x15595</value>
      </symbol>
      <symbol id="sm-129d">
         <name>DMA_INT2_IRQHandler</name>
         <value>0x15595</value>
      </symbol>
      <symbol id="sm-129e">
         <name>DMA_INT1_IRQHandler</name>
         <value>0x15595</value>
      </symbol>
      <symbol id="sm-129f">
         <name>DMA_INT0_IRQHandler</name>
         <value>0x15595</value>
      </symbol>
      <symbol id="sm-12a0">
         <name>PORT1_IRQHandler</name>
         <value>0x15595</value>
      </symbol>
      <symbol id="sm-12a1">
         <name>PORT2_IRQHandler</name>
         <value>0x15595</value>
      </symbol>
      <symbol id="sm-12a2">
         <name>PORT3_IRQHandler</name>
         <value>0x15595</value>
      </symbol>
      <symbol id="sm-12a3">
         <name>PORT4_IRQHandler</name>
         <value>0x15595</value>
      </symbol>
      <symbol id="sm-12a4">
         <name>PORT5_IRQHandler</name>
         <value>0x15595</value>
      </symbol>
      <symbol id="sm-12a5">
         <name>PORT6_IRQHandler</name>
         <value>0x15595</value>
      </symbol>
      <symbol id="sm-12a6">
         <name>remove</name>
         <value>0x15089</value>
      </symbol>
   </symbol_table>
   <title>Link successful</title>
</link_info>
