******************************************************************************
                  TI ARM Linker PC v20.2.7                     
******************************************************************************
>> Linked Fri Dec  9 16:25:20 2022

OUTPUT FILE NAME:   <nintondo.out>
ENTRY POINT SYMBOL: "_c_int00_noargs"  address: 00014ead


MEMORY CONFIGURATION

         name            origin    length      used     unused   attr    fill
----------------------  --------  ---------  --------  --------  ----  --------
  MAIN                  00000000   00040000  000157ac  0002a854  R  X
  INFO                  00200000   00004000  00000000  00004000  R  X
  SRAM_CODE             01000000   00010000  000076bf  00008941  RW X
  SRAM_DATA             20000000   00010000  000076bf  00008941  RW  


SEGMENT ALLOCATION MAP

run origin  load origin   length   init length attrs members
----------  ----------- ---------- ----------- ----- -------
00000000    00000000    000157b0   000157b0    r-x
  00000000    00000000    000000e4   000000e4    r-- .intvecs
  000000e4    000000e4    0000dfb4   0000dfb4    r-- .const
  0000e098    0000e098    0000755c   0000755c    r-x .text
  000155f8    000155f8    000001b8   000001b8    r-- .cinit
20000000    20000000    000074c0   00000000    rw-
  20000000    20000000    00006a60   00000000    rw- .data
  20006a60    20006a60    0000065f   00000000    rw- .bss
  200070c0    200070c0    00000400   00000000    rw- .sysmem
2000fe00    2000fe00    00000200   00000000    rw-
  2000fe00    2000fe00    00000200   00000000    rw- .stack


SECTION ALLOCATION MAP

 output                                  attributes/
section   page    origin      length       input sections
--------  ----  ----------  ----------   ----------------
.intvecs   0    00000000    000000e4     
                  00000000    000000e4     startup_msp432p401r_ccs.obj (.intvecs:retain)

.const     0    000000e4    0000dfb4     
                  000000e4    00003000     pong.obj (.const:.string:pixelPongTitle)
                  000030e4    00003000     rhinoRunner.obj (.const:.string:pixelRinoBackground)
                  000060e4    00003000     snake.obj (.const:.string:pixelSnakeTitle)
                  000090e4    00003000     rhinoRunner.obj (.const:.string:pixelTitleRhino)
                  0000c0e4    00000800     gameHub.obj (.const:.string:pixelBackground)
                  0000c8e4    00000600     snake.obj (.const:.string:pixelSnakeBackground)
                  0000cee4    000002f8     grlib.a : fontfixed6x8.obj (.const:.string:g_pucFontFixed6x8Data)
                  0000d1dc    00000180     gameHub.obj (.const:.string:pixelGameOver)
                  0000d35c    00000120     gameHub.obj (.const:.string:pixelLogo)
                  0000d47c    00000120     rhinoRunner.obj (.const:.string:pixelRino2)
                  0000d59c    00000120     rhinoRunner.obj (.const:.string:pixelRino)
                  0000d6bc    00000101     rtsv7M4_T_le_v4SPD16_eabi.lib : ctype.c.obj (.const:.string:_ctypes_)
                  0000d7bd    000000e0     rhinoRunner.obj (.const:.string:pixelBird)
                  0000d89d    00000003     --HOLE-- [fill = 0]
                  0000d8a0    000000c8     grlib.a : fontfixed6x8.obj (.const:g_sFontFixed6x8)
                  0000d968    000000c0     gameHub.obj (.const:.string:pixelTextFloppyDisk)
                  0000da28    000000c0     gameHub.obj (.const:.string:pixelTextPong)
                  0000dae8    000000c0     gameHub.obj (.const:.string:pixelTextRhino)
                  0000dba8    000000c0     gameHub.obj (.const:.string:pixelTextSnake)
                  0000dc68    00000080     msp432p4xx_driverlib.lib : adc14.o (.const:_ctlRegs)
                  0000dce8    0000006e     gameHub.obj (.const:.string:pixelTextSelectGame)
                  0000dd56    00000040     snake.obj (.const:.string:pixelSnakeApple)
                  0000dd96    00000002     --HOLE-- [fill = 0]
                  0000dd98    00000030     msp432p4xx_driverlib.lib : gpio.o (.const:GPIO_PORT_TO_BASE)
                  0000ddc8    00000020     Crystalfontz128x128_ST7735.obj (.const:g_sCrystalfontz128x128_funcs)
                  0000dde8    00000020     pong.obj (.const:palettePongTitle)
                  0000de08    00000020     snake.obj (.const:paletteSnakeTitle)
                  0000de28    0000001c     HAL_MSP_EXP432P401R_Crystalfontz128x128_ST7735.obj (.const:$P$T0$1)
                  0000de44    0000001c     rhinoRunner.obj (.const:paletteTitleRhino)
                  0000de60    00000018     floppyDisk.obj (.const:paletteRam)
                  0000de78    00000014     HAL_I2C.obj (.const:i2cConfig)
                  0000de8c    00000014     floppyDisk.obj (.const:paletteFloppyDisk)
                  0000dea0    00000010     rhinoRunner.obj (.const:.string:pixelCactus)
                  0000deb0    00000010     pong.obj (.const:.string:pixelPongPlayer)
                  0000dec0    00000010     init.obj (.const:continuousModeConfig)
                  0000ded0    00000010     gameHub.obj (.const:imageBackground)
                  0000dee0    00000010     rhinoRunner.obj (.const:imageBird)
                  0000def0    00000010     rhinoRunner.obj (.const:imageCactus)
                  0000df00    00000010     floppyDisk.obj (.const:imageFloppyDisk)
                  0000df10    00000010     floppyDisk.obj (.const:imageFloppyDiskBackground)
                  0000df20    00000010     gameHub.obj (.const:imageGameOver)
                  0000df30    00000010     gameHub.obj (.const:imageLogo)
                  0000df40    00000010     pong.obj (.const:imagePongBackground)
                  0000df50    00000010     pong.obj (.const:imagePongBall)
                  0000df60    00000010     pong.obj (.const:imagePongEnemy)
                  0000df70    00000010     pong.obj (.const:imagePongTitle)
                  0000df80    00000010     pong.obj (.const:imagePongUser)
                  0000df90    00000010     rhinoRunner.obj (.const:imageRinoBackground)
                  0000dfa0    00000010     snake.obj (.const:imageSnakeApple)
                  0000dfb0    00000010     snake.obj (.const:imageSnakeBackground)
                  0000dfc0    00000010     snake.obj (.const:imageSnakeBody)
                  0000dfd0    00000010     snake.obj (.const:imageSnakeTitle)
                  0000dfe0    00000010     gameHub.obj (.const:imageTextSelectGame)
                  0000dff0    00000010     rhinoRunner.obj (.const:imagetitleRhino)
                  0000e000    00000010     rhinoRunner.obj (.const:paletteGreys)
                  0000e010    00000010     snake.obj (.const:paletteSnakeApple)
                  0000e020    00000008     Crystalfontz128x128_ST7735.obj (.const:$P$T0$1)
                  0000e028    00000008     snake.obj (.const:.string:pixelSnakeBody)
                  0000e030    00000008     msp432p4xx_driverlib.lib : interrupt.o (.const:g_pulEnRegs)
                  0000e038    00000008     gameHub.obj (.const:paletteBackground)
                  0000e040    00000008     gameHub.obj (.const:paletteBlackWhite)
                  0000e048    00000008     rhinoRunner.obj (.const:paletteCactus)
                  0000e050    00000008     gameHub.obj (.const:paletteDefault)
                  0000e058    00000008     gameHub.obj (.const:paletteDefaultInverse)
                  0000e060    00000008     pong.obj (.const:palettePongBackground)
                  0000e068    00000008     pong.obj (.const:palettePongBall)
                  0000e070    00000008     pong.obj (.const:palettePongEnemy)
                  0000e078    00000008     pong.obj (.const:palettePongUser)
                  0000e080    00000008     snake.obj (.const:paletteSnakeBackground)
                  0000e088    00000008     snake.obj (.const:paletteSnakeBody)
                  0000e090    00000004     pong.obj (.const:.string:pixelPongBall)
                  0000e094    00000004     floppyDisk.obj (.const:paletteFloppyDiskBackground)

.text      0    0000e098    0000755c     
                  0000e098    00000a4e     rtsv7M4_T_le_v4SPD16_eabi.lib : _printfi.c.obj (.text:__TI_printfi)
                  0000eae6    00000002                                   : _lock.c.obj (.text:_nop)
                  0000eae8    00000784     snake.obj (.text)
                  0000f26c    00000680     Crystalfontz128x128_ST7735.obj (.text)
                  0000f8ec    0000049c     floppyDisk.obj (.text)
                  0000fd88    0000047e     grlib.a : string.obj (.text:Graphics_drawString)
                  00010206    00000002     rtsv7M4_T_le_v4SPD16_eabi.lib : div0.asm.obj (.text)
                  00010208    00000438     rhinoRunner.obj (.text)
                  00010640    00000404     pong.obj (.text)
                  00010a44    00000390     grlib.a : image.obj (.text:Graphics_drawImage)
                  00010dd4    00000334     system_msp432p401r.obj (.text)
                  00011108    000002a2     list.obj (.text)
                  000113aa    00000002     --HOLE-- [fill = 0]
                  000113ac    00000270     rtsv7M4_T_le_v4SPD16_eabi.lib : _printfi.c.obj (.text:_pconv_a)
                  0001161c    0000024c     gameHub.obj (.text)
                  00011868    00000240     utilities.obj (.text)
                  00011aa8    000001d0     rtsv7M4_T_le_v4SPD16_eabi.lib : _printfi.c.obj (.text:_pconv_g)
                  00011c78    000001b6                                   : fd_add_t2.asm.obj (.text)
                  00011e2e    00000002     --HOLE-- [fill = 0]
                  00011e30    0000019c     init.obj (.text)
                  00011fcc    00000160     msp432p4xx_driverlib.lib : adc14.o (.text:_getIndexForMemRegister)
                  0001212c    0000015c                              : pcm.o (.text:__PCM_setPowerModeAdvanced)
                  00012288    00000144                              : timer_a.o (.text:privateTimer_AProcessClockSourceDivider)
                  000123cc    0000013c     HAL_OPT3001.obj (.text)
                  00012508    0000013c     rtsv7M4_T_le_v4SPD16_eabi.lib : _printfi.c.obj (.text:_pconv_e)
                  00012644    00000136                                   : fd_div_t2.asm.obj (.text)
                  0001277a    00000002     --HOLE-- [fill = 0]
                  0001277c    00000130     msp432p4xx_driverlib.lib : cs.o (.text:CS_initClockSignal)
                  000128ac    00000124     rtsv7M4_T_le_v4SPD16_eabi.lib : _printfi.c.obj (.text:fcvt)
                  000129d0    00000118     HAL_I2C.obj (.text)
                  00012ae8    00000114     rtsv7M4_T_le_v4SPD16_eabi.lib : fputs.c.obj (.text:fputs)
                  00012bfc    00000112     grlib.a : rectangle.obj (.text:Graphics_fillRectangle)
                  00012d0e    00000002     --HOLE-- [fill = 0]
                  00012d10    00000110     rtsv7M4_T_le_v4SPD16_eabi.lib : s_scalbn.c.obj (.text:scalbn)
                  00012e20    0000010c     linkedList.obj (.text)
                  00012f2c    00000108     msp432p4xx_driverlib.lib : pcm.o (.text:__PCM_setCoreVoltageLevelAdvanced)
                  00013034    00000100     rtsv7M4_T_le_v4SPD16_eabi.lib : memory.c.obj (.text:aligned_alloc)
                  00013134    000000fc                                   : fd_mul_t2.asm.obj (.text)
                  00013230    000000fa     grlib.a : string.obj (.text:Graphics_getStringWidth)
                  0001332a    00000002     --HOLE-- [fill = 0]
                  0001332c    000000e4     rtsv7M4_T_le_v4SPD16_eabi.lib : memory.c.obj (.text:free)
                  00013410    000000dc                                   : setvbuf.c.obj (.text:setvbuf)
                  000134ec    000000cc     HAL_MSP_EXP432P401R_Crystalfontz128x128_ST7735.obj (.text)
                  000135b8    000000b4     msp432p4xx_driverlib.lib : adc14.o (.text:ADC14_configureConversionMemory)
                  0001366c    000000b4                              : adc14.o (.text:ADC14_configureMultiSequenceMode)
                  00013720    000000b1     rtsv7M4_T_le_v4SPD16_eabi.lib : _printfi.c.obj (.text:_ltostr)
                  000137d1    00000001     --HOLE-- [fill = 0]
                  000137d2    000000b0     msp432p4xx_driverlib.lib : spi.o (.text:SPI_initMaster)
                  00013882    0000009c     grlib.a : line.obj (.text:Graphics_drawLineH)
                  0001391e    0000009c     rtsv7M4_T_le_v4SPD16_eabi.lib : memcpy_t2.asm.obj (.text)
                  000139ba    00000096                                   : ull_div_t2.asm.obj (.text)
                  00013a50    0000008c                                   : fputc.c.obj (.text:fputc)
                  00013adc    00000088     msp432p4xx_driverlib.lib : gpio.o (.text:GPIO_setAsPeripheralModuleFunctionInputPin)
                  00013b64    00000088                              : gpio.o (.text:GPIO_setAsPeripheralModuleFunctionOutputPin)
                  00013bec    00000086     rtsv7M4_T_le_v4SPD16_eabi.lib : fd_cmp_t2.asm.obj (.text:__aeabi_cdcmple)
                  00013c72    00000086                                   : fd_cmp_t2.asm.obj (.text:__aeabi_cdrcmple)
                  00013cf8    00000080     msp432p4xx_driverlib.lib : interrupt.o (.text:Interrupt_enableInterrupt)
                  00013d78    0000007a     rtsv7M4_T_le_v4SPD16_eabi.lib : memset_t2.asm.obj (.text)
                  00013df2    00000002     --HOLE-- [fill = 0]
                  00013df4    00000074                                   : fclose.c.obj (.text:__TI_closefile)
                  00013e68    00000070                                   : memory.c.obj (.text:split)
                  00013ed8    0000006e                                   : _printfi.c.obj (.text:_mcpy)
                  00013f46    00000002     --HOLE-- [fill = 0]
                  00013f48    0000006c     grlib.a : image.obj (.text:Graphics_convertPalette)
                  00013fb4    0000006c     rtsv7M4_T_le_v4SPD16_eabi.lib : hostrename.c.obj (.text:HOSTrename)
                  00014020    0000006c     msp432p4xx_driverlib.lib : i2c.o (.text:I2C_masterSendMultiByteFinish)
                  0001408c    00000068     rtsv7M4_T_le_v4SPD16_eabi.lib : hostlseek.c.obj (.text:HOSTlseek)
                  000140f4    00000068     msp432p4xx_driverlib.lib : i2c.o (.text:I2C_masterSendMultiByteStart)
                  0001415c    00000068     rtsv7M4_T_le_v4SPD16_eabi.lib : copy_decompress_lzss.c.obj (.text:decompress:lzss:__TI_decompress_lzss)
                  000141c4    00000068                                   : printf.c.obj (.text:printf)
                  0001422c    00000064                                   : s_frexp.c.obj (.text:frexp)
                  00014290    00000064                                   : fseek.c.obj (.text:fseek)
                  000142f4    00000062     msp432p4xx_driverlib.lib : i2c.o (.text:I2C_initMaster)
                  00014356    00000062     rtsv7M4_T_le_v4SPD16_eabi.lib : _io_perm.c.obj (.text:__TI_wrt_ok)
                  000143b8    00000060                                   : hostopen.c.obj (.text:HOSTopen)
                  00014418    0000005e     msp432p4xx_driverlib.lib : pcm.o (.text:PCM_getCoreVoltageLevel)
                  00014476    00000002     --HOLE-- [fill = 0]
                  00014478    0000005c     rtsv7M4_T_le_v4SPD16_eabi.lib : close.c.obj (.text:close)
                  000144d4    0000005a     msp432p4xx_driverlib.lib : pcm.o (.text:PCM_getPowerMode)
                  0001452e    00000002     --HOLE-- [fill = 0]
                  00014530    00000058     rtsv7M4_T_le_v4SPD16_eabi.lib : hostread.c.obj (.text:HOSTread)
                  00014588    00000058                                   : hostwrite.c.obj (.text:HOSTwrite)
                  000145e0    00000056                                   : _printfi.c.obj (.text:_pconv_f)
                  00014636    00000002     --HOLE-- [fill = 0]
                  00014638    00000054     msp432p4xx_driverlib.lib : adc14.o (.text:ADC14_initModule)
                  0001468c    00000054     rtsv7M4_T_le_v4SPD16_eabi.lib : _ltoa.c.obj (.text:__TI_ltoa)
                  000146e0    00000052     grlib.a : context.obj (.text:Graphics_initContext)
                  00014732    00000052     rtsv7M4_T_le_v4SPD16_eabi.lib : _printfi.c.obj (.text:_ecpy)
                  00014784    0000004c     msp432p4xx_driverlib.lib : timer_a.o (.text:Timer_A_getCounterValue)
                  000147d0    0000004c     rtsv7M4_T_le_v4SPD16_eabi.lib : fflush.c.obj (.text:__TI_doflush)
                  0001481c    0000004c                                   : atoi.c.obj (.text:atoi)
                  00014868    00000048     grlib.a : string.obj (.text:Graphics_drawStringCentered)
                  000148b0    00000048     rtsv7M4_T_le_v4SPD16_eabi.lib : hosttime.c.obj (.text:HOSTtime)
                  000148f8    00000048                                   : exit.c.obj (.text:exit)
                  00014940    00000048                                   : fd_toi_t2.asm.obj (.text)
                  00014988    00000046     grlib.a : display.obj (.text:Graphics_drawMultiplePixelsOnDisplay)
                  000149ce    00000002     --HOLE-- [fill = 0]
                  000149d0    00000044     rtsv7M4_T_le_v4SPD16_eabi.lib : hostclose.c.obj (.text:HOSTclose)
                  00014a14    00000044                                   : hostunlink.c.obj (.text:HOSTunlink)
                  00014a58    00000044                                   : autoinit.c.obj (.text:__TI_auto_init_nobinit_nopinit:__TI_auto_init_nobinit_nopinit)
                  00014a9c    00000044                                   : getdevice.c.obj (.text:getdevice)
                  00014ae0    00000040     msp432p4xx_driverlib.lib : gpio.o (.text:GPIO_setAsOutputPin)
                  00014b20    00000040     grlib.a : string.obj (.text:Graphics_getNumberOfLeadingZeros)
                  00014b60    00000040     msp432p4xx_driverlib.lib : i2c.o (.text:I2C_masterReceiveMultiByteFinish)
                  00014ba0    00000040                              : spi.o (.text:is_A_Module)
                  00014be0    00000040     rtsv7M4_T_le_v4SPD16_eabi.lib : sprintf.c.obj (.text:sprintf)
                  00014c20    0000003e                                   : _printfi.c.obj (.text:_fcpy)
                  00014c5e    00000002     --HOLE-- [fill = 0]
                  00014c60    00000038     msp432p4xx_driverlib.lib : adc14.o (.text:ADC14_getEnabledInterruptStatus)
                  00014c98    00000038                              : i2c.o (.text:I2C_masterSendMultiByteStop)
                  00014cd0    00000038     rtsv7M4_T_le_v4SPD16_eabi.lib : trgmsg.c.obj (.text:__TI_writemsg)
                  00014d08    00000036     grlib.a : display.obj (.text:Graphics_drawHorizontalLineOnDisplay)
                  00014d3e    00000036     rtsv7M4_T_le_v4SPD16_eabi.lib : strncpy.c.obj (.text:strncpy)
                  00014d74    00000034     msp432p4xx_driverlib.lib : adc14.o (.text:ADC14_enableSampleTimer)
                  00014da8    00000034                              : cs.o (.text:CS_setDCOCenteredFrequency)
                  00014ddc    00000034                              : i2c.o (.text:I2C_masterSendMultiByteNext)
                  00014e10    00000034                              : timer_a.o (.text:Timer_A_configureContinuousMode)
                  00014e44    00000034     rtsv7M4_T_le_v4SPD16_eabi.lib : fopen.c.obj (.text:__TI_cleanup)
                  00014e78    00000034                                   : trgmsg.c.obj (.text:__TI_readmsg)
                  00014eac    00000034                                   : boot_cortex_m.c.obj (.text:_c_int00_noargs:_c_int00_noargs)
                  00014ee0    00000034                                   : rand.c.obj (.text:rand)
                  00014f14    00000030     msp432p4xx_driverlib.lib : adc14.o (.text:ADC14_clearInterruptFlag)
                  00014f44    00000030                              : adc14.o (.text:ADC14_enableInterrupt)
                  00014f74    00000030                              : gpio.o (.text:GPIO_getInputPinValue)
                  00014fa4    00000030     rtsv7M4_T_le_v4SPD16_eabi.lib : getdevice.c.obj (.text:finddevice)
                  00014fd4    0000002e                                   : i_tofd_t2.asm.obj (.text)
                  00015002    00000002     --HOLE-- [fill = 0]
                  00015004    0000002c     msp432p4xx_driverlib.lib : adc14.o (.text:ADC14_getInterruptStatus)
                  00015030    0000002c                              : adc14.o (.text:ADC14_toggleConversionTrigger)
                  0001505c    0000002c     grlib.a : display.obj (.text:Graphics_drawPixelOnDisplay)
                  00015088    0000002c     rtsv7M4_T_le_v4SPD16_eabi.lib : unlink.c.obj (.text:unlink)
                  000150b4    00000028     msp432p4xx_driverlib.lib : adc14.o (.text:ADC14_enableConversion)
                  000150dc    00000028                              : adc14.o (.text:ADC14_getResult)
                  00015104    00000028                              : gpio.o (.text:GPIO_setOutputHighOnPin)
                  0001512c    00000028                              : gpio.o (.text:GPIO_setOutputLowOnPin)
                  00015154    00000028     rtsv7M4_T_le_v4SPD16_eabi.lib : memory.c.obj (.text:free_list_insert)
                  0001517c    00000028                                   : lseek.c.obj (.text:lseek)
                  000151a4    00000028                                   : write.c.obj (.text:write)
                  000151cc    00000024     msp432p4xx_driverlib.lib : wdt_a.o (.text:WDT_A_holdTimer)
                  000151f0    00000024     rtsv7M4_T_le_v4SPD16_eabi.lib : rand.c.obj (.text:srand)
                  00015214    00000020                                   : memchr.c.obj (.text:memchr)
                  00015234    0000001e     grlib.a : display.obj (.text:Graphics_fillRectangleOnDisplay)
                  00015252    0000001c     msp432p4xx_driverlib.lib : i2c.o (.text:I2C_setMode)
                  0001526e    0000001c                              : spi.o (.text:SPI_enableModule)
                  0001528a    00000002     --HOLE-- [fill = 0]
                  0001528c    0000001c     rtsv7M4_T_le_v4SPD16_eabi.lib : memory.c.obj (.text:free_list_remove)
                  000152a8    0000001c                                   : memccpy.c.obj (.text:memccpy)
                  000152c4    0000001a     grlib.a : display.obj (.text:Graphics_clearDisplayOnDisplay)
                  000152de    0000001a             : context.obj (.text:Graphics_setBackgroundColor)
                  000152f8    0000001a             : context.obj (.text:Graphics_setFont)
                  00015312    0000001a     msp432p4xx_driverlib.lib : i2c.o (.text:I2C_masterReceiveStart)
                  0001532c    0000001a     rtsv7M4_T_le_v4SPD16_eabi.lib : s_copysign.c.obj (.text:copysign)
                  00015346    00000018     msp432p4xx_driverlib.lib : i2c.o (.text:I2C_getInterruptStatus)
                  0001535e    00000002     --HOLE-- [fill = 0]
                  00015360    00000018                              : i2c.o (.text:I2C_isBusBusy)
                  00015378    00000018     rtsv7M4_T_le_v4SPD16_eabi.lib : sprintf.c.obj (.text:_outs)
                  00015390    00000018                                   : strcmp.c.obj (.text:strcmp)
                  000153a8    00000016     msp432p4xx_driverlib.lib : spi.o (.text:EUSCI_A_SPI_enable)
                  000153be    00000016                              : spi.o (.text:EUSCI_B_SPI_enable)
                  000153d4    00000016     grlib.a : context.obj (.text:Graphics_setForegroundColor)
                  000153ea    00000016             : display.obj (.text:Graphics_translateColorOnDisplay)
                  00015400    00000016     msp432p4xx_driverlib.lib : i2c.o (.text:I2C_clearInterruptFlag)
                  00015416    00000016                              : i2c.o (.text:I2C_disableModule)
                  0001542c    00000016                              : i2c.o (.text:I2C_enableModule)
                  00015442    00000016                              : timer_a.o (.text:Timer_A_clearInterruptFlag)
                  00015458    00000016                              : timer_a.o (.text:Timer_A_startCounter)
                  0001546e    00000016     rtsv7M4_T_le_v4SPD16_eabi.lib : strchr.c.obj (.text:strchr)
                  00015484    00000014     msp432p4xx_driverlib.lib : i2c.o (.text:I2C_masterReceiveMultiByteNext)
                  00015498    00000014                              : i2c.o (.text:I2C_setSlaveAddress)
                  000154ac    00000014                              : pcm.o (.text:PCM_getPowerState)
                  000154c0    00000014     rtsv7M4_T_le_v4SPD16_eabi.lib : strcpy.c.obj (.text:strcpy)
                  000154d4    00000014                                   : strlen.c.obj (.text:strlen)
                  000154e8    00000012     grlib.a : context.obj (.text:Graphics_clearDisplay)
                  000154fa    00000012     rtsv7M4_T_le_v4SPD16_eabi.lib : wcslen.c.obj (.text:wcslen)
                  0001550c    00000010     msp432p4xx_driverlib.lib : adc14.o (.text:ADCIsConversionRunning)
                  0001551c    00000010                              : interrupt.o (.text:Interrupt_disableMaster)
                  0001552c    00000010                              : interrupt.o (.text:Interrupt_enableMaster)
                  0001553c    00000010                              : pcm.o (.text:PCM_setCoreVoltageLevel)
                  0001554c    00000010                              : pcm.o (.text:PCM_setPowerMode)
                  0001555c    00000010     main.obj (.text)
                  0001556c    0000000e     rtsv7M4_T_le_v4SPD16_eabi.lib : time.c.obj (.text:__time32)
                  0001557a    0000000e                                   : copy_decompress_none.c.obj (.text:decompress:none:__TI_decompress_none)
                  00015588    0000000e     startup_msp432p401r_ccs.obj (.text)
                  00015596    00000002     --HOLE-- [fill = 0]
                  00015598    0000000c     msp432p4xx_driverlib.lib : adc14.o (.text:ADC14_enableModule)
                  000155a4    0000000c                              : cpu.o (.text:CPU_cpsid)
                  000155b0    0000000c                              : cpu.o (.text:CPU_cpsie)
                  000155bc    0000000c     rtsv7M4_T_le_v4SPD16_eabi.lib : copy_zero_init.c.obj (.text:decompress:ZI:__TI_zero_init)
                  000155c8    0000000a                                   : sprintf.c.obj (.text:_outc)
                  000155d2    00000002     --HOLE-- [fill = 0]
                  000155d4    00000008                                   : errno.c.obj (.text:__aeabi_errno_addr)
                  000155dc    00000008                                   : memory.c.obj (.text:malloc)
                  000155e4    00000004                                   : printf.c.obj (.text:_outc)
                  000155e8    00000004                                   : printf.c.obj (.text:_outs)
                  000155ec    00000004                                   : pre_init.c.obj (.text:_system_pre_init)
                  000155f0    00000004                                   : exit.c.obj (.text:abort:abort)

.cinit     0    000155f8    000001b8     
                  000155f8    00000194     (.cinit..data.load) [load image, compression = lzss]
                  0001578c    0000000c     (__TI_handler_table)
                  00015798    00000008     (.cinit..bss.load) [load image, compression = zero_init]
                  000157a0    00000010     (__TI_cinit_table)

.init_array 
*          0    00000000    00000000     UNINITIALIZED

.binit     0    00000000    00000000     

.data      0    20000000    00006a60     UNINITIALIZED
                  20000000    00003000     floppyDisk.obj (.data:pixelFloppyDiskBackground)
                  20003000    00003000     pong.obj (.data:pixelPongBackground)
                  20006000    00000600     floppyDisk.obj (.data:pixelRam)
                  20006600    00000200     floppyDisk.obj (.data:pixelFloppyDisk)
                  20006800    000000f0     rtsv7M4_T_le_v4SPD16_eabi.lib : defs.c.obj (.data:_ftable)
                  200068f0    00000078                                   : host_device.c.obj (.data:_device)
                  20006968    00000050                                   : host_device.c.obj (.data:_stream)
                  200069b8    00000010     Crystalfontz128x128_ST7735.obj (.data:g_sCrystalfontz128x128)
                  200069c8    00000010     floppyDisk.obj (.data:imageRam)
                  200069d8    00000010     rhinoRunner.obj (.data:imageRino)
                  200069e8    00000010     gameHub.obj (.data:imageTextFloppyDisk)
                  200069f8    00000010     gameHub.obj (.data:imageTextPong)
                  20006a08    00000010     gameHub.obj (.data:imageTextRhino)
                  20006a18    00000010     gameHub.obj (.data:imageTextSnake)
                  20006a28    00000010     rtsv7M4_T_le_v4SPD16_eabi.lib : defs.c.obj (.data)
                  20006a38    0000000c                                   : exit.c.obj (.data:$O1$$)
                  20006a44    00000008                                   : _lock.c.obj (.data:$O1$$)
                  20006a4c    00000008                                   : memory.c.obj (.data:$O1$$)
                  20006a54    00000004                                   : errno.c.obj (.data)
                  20006a58    00000004                                   : rand.c.obj (.data)
                  20006a5c    00000004     system_msp432p401r.obj (.data)

.bss       0    20006a60    0000065f     UNINITIALIZED
                  20006a60    00000400     grlib.a : image.obj (.bss:g_pulConvertedPalette)
                  20006e60    00000120     rtsv7M4_T_le_v4SPD16_eabi.lib : trgmsg.c.obj (.bss:_CIOBUF_)
                  20006f80    000000a0     (.common:__TI_tmpnams)
                  20007020    00000040     (.common:texts)
                  20007060    0000001c     (.common:g_sContext)
                  2000707c    00000008     (.common:floppyDisk)
                  20007084    00000008     (.common:parmbuf)
                  2000708c    00000004     utilities.obj (.bss:resultsBuffer)
                  20007090    00000004     (.common:currentPosition)
                  20007094    00000004     (.common:direzione)
                  20007098    00000004     (.common:head)
                  2000709c    00000004     (.common:lastMove)
                  200070a0    00000004     (.common:lux)
                  200070a4    00000004     (.common:portionSize)
                  200070a8    00000004     (.common:prova)
                  200070ac    00000004     (.common:score)
                  200070b0    00000004     (.common:selected)
                  200070b4    00000002     (.common:Lcd_ScreenHeigth)
                  200070b6    00000002     (.common:Lcd_ScreenWidth)
                  200070b8    00000002     (.common:Lcd_TouchTrim)
                  200070ba    00000001     (.common:Lcd_FlagRead)
                  200070bb    00000001     (.common:Lcd_FontSolid)
                  200070bc    00000001     (.common:Lcd_Orientation)
                  200070bd    00000001     (.common:Lcd_PenSolid)
                  200070be    00000001     (.common:gameOver)

.sysmem    0    200070c0    00000400     UNINITIALIZED
                  200070c0    00000010     rtsv7M4_T_le_v4SPD16_eabi.lib : memory.c.obj (.sysmem)
                  200070d0    000003f0     --HOLE--

.stack     0    2000fe00    00000200     UNINITIALIZED
                  2000fe00    00000004     rtsv7M4_T_le_v4SPD16_eabi.lib : boot_cortex_m.c.obj (.stack)
                  2000fe04    000001fc     --HOLE--

__llvm_prf_cnts 
*          0    20000000    00000000     UNINITIALIZED

MODULE SUMMARY

       Module                                               code    ro data   rw data
       ------                                               ----    -------   -------
    .\
       system_msp432p401r.obj                               820     0         8      
       HAL_OPT3001.obj                                      316     0         0      
       HAL_I2C.obj                                          280     20        0      
       main.obj                                             16      0         266    
       startup_msp432p401r_ccs.obj                          14      228       0      
    +--+----------------------------------------------------+-------+---------+---------+
       Total:                                               1446    248       274    
                                                                                     
    .\Code\Games\
       pong.obj                                             1028    12452     24576  
       floppyDisk.obj                                       1180    80        28712  
       rhinoRunner.obj                                      1080    25508     32     
       snake.obj                                            1924    14024     0      
       gameHub.obj                                          588     3694      128    
    +--+----------------------------------------------------+-------+---------+---------+
       Total:                                               5800    55758     53448  
                                                                                     
    .\Code\Utilities\
       list.obj                                             674     0         0      
       utilities.obj                                        576     0         8      
       init.obj                                             412     16        0      
       linkedList.obj                                       268     0         0      
    +--+----------------------------------------------------+-------+---------+---------+
       Total:                                               1930    16        8      
                                                                                     
    .\LcdDriver\
       Crystalfontz128x128_ST7735.obj                       1664    40        52     
       HAL_MSP_EXP432P401R_Crystalfontz128x128_ST7735.obj   204     28        0      
    +--+----------------------------------------------------+-------+---------+---------+
       Total:                                               1868    68        52     
                                                                                     
    C:/ti/simplelink_msp432p4_sdk_3_40_01_02/source/ti/devices/msp432p4xx/driverlib/ccs/msp432p4xx_driverlib.lib
       adc14.o                                              1196    128       0      
       pcm.o                                                848     0         0      
       i2c.o                                                690     0         0      
       gpio.o                                               464     48        0      
       timer_a.o                                            496     0         0      
       cs.o                                                 356     0         0      
       spi.o                                                312     0         0      
       interrupt.o                                          160     8         0      
       wdt_a.o                                              36      0         0      
       cpu.o                                                24      0         0      
    +--+----------------------------------------------------+-------+---------+---------+
       Total:                                               4582    184       0      
                                                                                     
    C:/ti/simplelink_msp432p4_sdk_3_40_01_02/source/ti/grlib/lib/ccs/m4f/grlib.a
       image.obj                                            1020    0         2048   
       string.obj                                           1536    0         0      
       fontfixed6x8.obj                                     0       960       0      
       rectangle.obj                                        274     0         0      
       display.obj                                          246     0         0      
       context.obj                                          174     0         0      
       line.obj                                             156     0         0      
    +--+----------------------------------------------------+-------+---------+---------+
       Total:                                               3406    960       2048   
                                                                                     
    C:\ti\ccs1210\ccs\tools\compiler\ti-cgt-arm_20.2.7.LTS\lib\rtsv7M4_T_le_v4SPD16_eabi.lib
       _printfi.c.obj                                       4851    0         0      
       defs.c.obj                                           0       0         832    
       memory.c.obj                                         672     0         16     
       trgmsg.c.obj                                         108     0         576    
       fd_add_t2.asm.obj                                    438     0         0      
       host_device.c.obj                                    0       0         400    
       fd_div_t2.asm.obj                                    310     0         0      
       fputs.c.obj                                          276     0         0      
       s_scalbn.c.obj                                       272     0         0      
       fd_cmp_t2.asm.obj                                    268     0         0      
       ctype.c.obj                                          0       257       0      
       fd_mul_t2.asm.obj                                    252     0         0      
       setvbuf.c.obj                                        220     0         0      
       memcpy_t2.asm.obj                                    156     0         0      
       ull_div_t2.asm.obj                                   150     0         0      
       fputc.c.obj                                          140     0         0      
       memset_t2.asm.obj                                    122     0         0      
       fclose.c.obj                                         116     0         0      
       getdevice.c.obj                                      116     0         0      
       hostopen.c.obj                                       96      0         16     
       printf.c.obj                                         112     0         0      
       hostrename.c.obj                                     108     0         0      
       copy_decompress_lzss.c.obj                           104     0         0      
       hostlseek.c.obj                                      104     0         0      
       exit.c.obj                                           76      0         24     
       fseek.c.obj                                          100     0         0      
       s_frexp.c.obj                                        100     0         0      
       _io_perm.c.obj                                       98      0         0      
       sprintf.c.obj                                        98      0         0      
       rand.c.obj                                           88      0         8      
       close.c.obj                                          92      0         0      
       hostread.c.obj                                       88      0         0      
       hostwrite.c.obj                                      88      0         0      
       _ltoa.c.obj                                          84      0         0      
       atoi.c.obj                                           76      0         0      
       fflush.c.obj                                         76      0         0      
       fd_toi_t2.asm.obj                                    72      0         0      
       hosttime.c.obj                                       72      0         0      
       autoinit.c.obj                                       68      0         0      
       hostclose.c.obj                                      68      0         0      
       hostunlink.c.obj                                     68      0         0      
       strncpy.c.obj                                        54      0         0      
       boot_cortex_m.c.obj                                  52      0         0      
       fopen.c.obj                                          52      0         0      
       i_tofd_t2.asm.obj                                    46      0         0      
       unlink.c.obj                                         44      0         0      
       lseek.c.obj                                          40      0         0      
       write.c.obj                                          40      0         0      
       memchr.c.obj                                         32      0         0      
       memccpy.c.obj                                        28      0         0      
       s_copysign.c.obj                                     26      0         0      
       strcmp.c.obj                                         24      0         0      
       strchr.c.obj                                         22      0         0      
       strcpy.c.obj                                         20      0         0      
       strlen.c.obj                                         20      0         0      
       _lock.c.obj                                          2       0         16     
       wcslen.c.obj                                         18      0         0      
       errno.c.obj                                          8       0         8      
       copy_decompress_none.c.obj                           14      0         0      
       time.c.obj                                           14      0         0      
       copy_zero_init.c.obj                                 12      0         0      
       pre_init.c.obj                                       4       0         0      
       div0.asm.obj                                         2       0         0      
    +--+----------------------------------------------------+-------+---------+---------+
       Total:                                               10977   257       1896   
                                                                                     
       Heap:                                                0       0         2048   
       Stack:                                               0       0         1024   
       Linker Generated:                                    0       440       0      
    +--+----------------------------------------------------+-------+---------+---------+
       Grand Total:                                         30009   57931     60798  


LINKER GENERATED COPY TABLES

__TI_cinit_table @ 000157a0 records: 2, size/record: 8, table size: 16
	.data: load addr=000155f8, load size=00000194 bytes, run addr=20000000, run size=00006a60 bytes, compression=lzss
	.bss: load addr=00015798, load size=00000008 bytes, run addr=20006a60, run size=0000065f bytes, compression=zero_init


LINKER GENERATED HANDLER TABLE

__TI_handler_table @ 0001578c records: 3, size/record: 4, table size: 12
	index: 0, handler: __TI_decompress_lzss
	index: 1, handler: __TI_decompress_none
	index: 2, handler: __TI_zero_init


GLOBAL SYMBOLS: SORTED ALPHABETICALLY BY Name 

address   name                                       
-------   ----                                       
00011a39  ADC14_IRQHandler                           
00011a39  ADC14_IRQHandler                           
00014f15  ADC14_clearInterruptFlag                   
000135b9  ADC14_configureConversionMemory            
0001366d  ADC14_configureMultiSequenceMode           
000150b5  ADC14_enableConversion                     
00014f45  ADC14_enableInterrupt                      
00015599  ADC14_enableModule                         
00014d75  ADC14_enableSampleTimer                    
00014c61  ADC14_getEnabledInterruptStatus            
00015005  ADC14_getInterruptStatus                   
000150dd  ADC14_getResult                            
00014639  ADC14_initModule                           
00015031  ADC14_toggleConversionTrigger              
00015595  AES256_IRQHandler                          
00015595  BusFault_Handler                           
000155f1  C$$EXIT                                    
00014cff  C$$IO$$                                    
00015595  COMP_E0_IRQHandler                         
00015595  COMP_E1_IRQHandler                         
000155a5  CPU_cpsid                                  
000155b1  CPU_cpsie                                  
00015595  CS_IRQHandler                              
0001277d  CS_initClockSignal                         
00014da9  CS_setDCOCenteredFrequency                 
0000f26d  Crystalfontz128x128_Init                   
0000f381  Crystalfontz128x128_SetDrawFrame           
0000f4af  Crystalfontz128x128_SetOrientation         
00015595  DMA_ERR_IRQHandler                         
00015595  DMA_INT0_IRQHandler                        
00015595  DMA_INT1_IRQHandler                        
00015595  DMA_INT2_IRQHandler                        
00015595  DMA_INT3_IRQHandler                        
00015595  DebugMon_Handler                           
00015595  Default_Handler                            
00015595  EUSCIA0_IRQHandler                         
00015595  EUSCIA1_IRQHandler                         
00015595  EUSCIA2_IRQHandler                         
00015595  EUSCIA3_IRQHandler                         
00015595  EUSCIB0_IRQHandler                         
00015595  EUSCIB1_IRQHandler                         
00015595  EUSCIB2_IRQHandler                         
00015595  EUSCIB3_IRQHandler                         
000153a9  EUSCI_A_SPI_enable                         
000153bf  EUSCI_B_SPI_enable                         
00015595  FLCTL_IRQHandler                           
00015595  FPU_IRQHandler                             
00014f75  GPIO_getInputPinValue                      
00014ae1  GPIO_setAsOutputPin                        
00013add  GPIO_setAsPeripheralModuleFunctionInputPin 
00013b65  GPIO_setAsPeripheralModuleFunctionOutputPin
00015105  GPIO_setOutputHighOnPin                    
0001512d  GPIO_setOutputLowOnPin                     
000154e9  Graphics_clearDisplay                      
000152c5  Graphics_clearDisplayOnDisplay             
00014d09  Graphics_drawHorizontalLineOnDisplay       
00010a45  Graphics_drawImage                         
00013883  Graphics_drawLineH                         
00014989  Graphics_drawMultiplePixelsOnDisplay       
0001505d  Graphics_drawPixelOnDisplay                
0000fd89  Graphics_drawString                        
00014869  Graphics_drawStringCentered                
00012bfd  Graphics_fillRectangle                     
00015235  Graphics_fillRectangleOnDisplay            
00013231  Graphics_getStringWidth                    
000146e1  Graphics_initContext                       
000152df  Graphics_setBackgroundColor                
000152f9  Graphics_setFont                           
000153d5  Graphics_setForegroundColor                
000153eb  Graphics_translateColorOnDisplay           
000134ed  HAL_LCD_PortInit                           
0001351d  HAL_LCD_SpiInit                            
00013553  HAL_LCD_writeCommand                       
00013583  HAL_LCD_writeData                          
000149d1  HOSTclose                                  
0001408d  HOSTlseek                                  
000143b9  HOSTopen                                   
00014531  HOSTread                                   
00013fb5  HOSTrename                                 
000148b1  HOSTtime                                   
00014a15  HOSTunlink                                 
00014589  HOSTwrite                                  
00015595  HardFault_Handler                          
00015401  I2C_clearInterruptFlag                     
00015417  I2C_disableModule                          
0001542d  I2C_enableModule                           
00015347  I2C_getInterruptStatus                     
000129e9  I2C_init                                   
000142f5  I2C_initMaster                             
00015361  I2C_isBusBusy                              
00014b61  I2C_masterReceiveMultiByteFinish           
00015485  I2C_masterReceiveMultiByteNext             
00015313  I2C_masterReceiveStart                     
00014021  I2C_masterSendMultiByteFinish              
00014ddd  I2C_masterSendMultiByteNext                
000140f5  I2C_masterSendMultiByteStart               
00014c99  I2C_masterSendMultiByteStop                
00012a01  I2C_read16                                 
00015253  I2C_setMode                                
00015499  I2C_setSlaveAddress                        
00012acb  I2C_setslave                               
00012a87  I2C_write16                                
000129d1  Init_I2C_GPIO                              
0001551d  Interrupt_disableMaster                    
00013cf9  Interrupt_enableInterrupt                  
0001552d  Interrupt_enableMaster                     
200070ba  Lcd_FlagRead                               
200070bb  Lcd_FontSolid                              
200070bc  Lcd_Orientation                            
200070bd  Lcd_PenSolid                               
200070b4  Lcd_ScreenHeigth                           
200070b6  Lcd_ScreenWidth                            
200070b8  Lcd_TouchTrim                              
00015595  MemManage_Handler                          
00015595  NMI_Handler                                
00012431  OPT3001_getLux                             
000123cd  OPT3001_init                               
00012401  OPT3001_readConfigReg                      
000123f1  OPT3001_readDeviceId                       
00012421  OPT3001_readHighLimitReg                   
00012411  OPT3001_readLowLimitReg                    
000123e1  OPT3001_readManufacturerId                 
00015595  PCM_IRQHandler                             
00014419  PCM_getCoreVoltageLevel                    
000144d5  PCM_getPowerMode                           
000154ad  PCM_getPowerState                          
0001553d  PCM_setCoreVoltageLevel                    
0001554d  PCM_setPowerMode                           
00015595  PORT1_IRQHandler                           
00015595  PORT2_IRQHandler                           
00015595  PORT3_IRQHandler                           
00015595  PORT4_IRQHandler                           
00015595  PORT5_IRQHandler                           
00015595  PORT6_IRQHandler                           
00015595  PSS_IRQHandler                             
00015595  PendSV_Handler                             
00015595  RTC_C_IRQHandler                           
00015589  Reset_Handler                              
0001526f  SPI_enableModule                           
000137d3  SPI_initMaster                             
00015595  SVC_Handler                                
00015595  SysTick_Handler                            
20006a5c  SystemCoreClock                            
00010dd5  SystemCoreClockUpdate                      
0001104d  SystemInit                                 
00015595  T32_INT1_IRQHandler                        
00015595  T32_INT2_IRQHandler                        
00015595  T32_INTC_IRQHandler                        
00015595  TA0_0_IRQHandler                           
00015595  TA0_N_IRQHandler                           
00015595  TA1_0_IRQHandler                           
00015595  TA1_N_IRQHandler                           
00015595  TA2_0_IRQHandler                           
00011a2f  TA2_N_IRQHandler                           
00011a2f  TA2_N_IRQHandler                           
00015595  TA3_0_IRQHandler                           
00015595  TA3_N_IRQHandler                           
00015443  Timer_A_clearInterruptFlag                 
00014e11  Timer_A_configureContinuousMode            
00014785  Timer_A_getCounterValue                    
00015459  Timer_A_startCounter                       
00015595  UsageFault_Handler                         
4000480c  WDTCTL_SYM                                 
00015595  WDT_A_IRQHandler                           
000151cd  WDT_A_holdTimer                            
20006e60  __CIOBUF_                                  
20010000  __STACK_END                                
00000200  __STACK_SIZE                               
00000400  __SYSMEM_SIZE                              
000157a0  __TI_CINIT_Base                            
000157b0  __TI_CINIT_Limit                           
0001578c  __TI_Handler_Table_Base                    
00015798  __TI_Handler_Table_Limit                   
00014a59  __TI_auto_init_nobinit_nopinit             
00014e45  __TI_cleanup                               
20006a38  __TI_cleanup_ptr                           
00013df5  __TI_closefile                             
0001415d  __TI_decompress_lzss                       
0001557b  __TI_decompress_none                       
000147d1  __TI_doflush                               
20006a3c  __TI_dtors_ptr                             
20006a40  __TI_enable_exit_profile_output            
20006a28  __TI_ft_end                                
0001468d  __TI_ltoa                                  
ffffffff  __TI_pprof_out_hndl                        
0000e099  __TI_printfi                               
ffffffff  __TI_prof_data_size                        
ffffffff  __TI_prof_data_start                       
00014e79  __TI_readmsg                               
00000000  __TI_static_base__                         
20006f80  __TI_tmpnams                               
00014cd1  __TI_writemsg                              
00014357  __TI_wrt_ok                                
000155bd  __TI_zero_init                             
00013bed  __aeabi_cdcmpeq                            
00013bed  __aeabi_cdcmple                            
00013c73  __aeabi_cdrcmple                           
00014941  __aeabi_d2iz                               
00011c83  __aeabi_dadd                               
00012645  __aeabi_ddiv                               
00013135  __aeabi_dmul                               
00011c79  __aeabi_dsub                               
000155d5  __aeabi_errno_addr                         
00014fd5  __aeabi_i2d                                
00010207  __aeabi_idiv0                              
00010207  __aeabi_ldiv0                              
00013d79  __aeabi_memclr                             
00013d79  __aeabi_memclr4                            
00013d79  __aeabi_memclr8                            
0001391f  __aeabi_memcpy                             
0001391f  __aeabi_memcpy4                            
0001391f  __aeabi_memcpy8                            
00013d7b  __aeabi_memset                             
00013d7b  __aeabi_memset4                            
00013d7b  __aeabi_memset8                            
20006a34  __aeabi_stderr                             
20006a2c  __aeabi_stdin                              
20006a30  __aeabi_stdout                             
000139bb  __aeabi_uldivmod                           
ffffffff  __binit__                                  
ffffffff  __c_args__                                 
UNDEFED   __mpu_init                                 
2000fe00  __stack                                    
20000000  __start___llvm_prf_cnts                    
20000000  __stop___llvm_prf_cnts                     
0001556d  __time32                                   
00011e31  _adcInit                                   
00014ead  _c_int00_noargs                            
0000d6bc  _ctypes_                                   
200068f0  _device                                    
20006800  _ftable                                    
00011e9f  _graphicsInit                              
00011f4f  _hwInit                                    
00011ed9  _lightSensorInit                           
20006a44  _lock                                      
0000eae7  _nop                                       
20006968  _stream                                    
200070c0  _sys_memory                                
UNDEFED   _system_post_cinit                         
000155ed  _system_pre_init                           
20006a48  _unlock                                    
000155f1  abort                                      
00013035  aligned_alloc                              
0001481d  atoi                                       
ffffffff  binit                                      
0000ee4f  checkAppleCollision                        
0000eec1  checkBorderCollision                       
0000fc69  checkBorderCollisionF                      
00010875  checkEnemyCollision                        
00010565  checkIfObstacleEnds                        
0000eb1b  checkIfOpposite                            
000119bb  checkLastMove                              
000108b7  checkPongBorderCollision                   
0000fc9d  checkRamCollisionF                         
000105c9  checkRhinoCollision                        
0000ef6d  checkSnakeCollision                        
00010833  checkUserCollision                         
00010599  checkYCollision                            
00011647  cleanDisplayGame                           
0000fb57  clearFloppyDisk                            
00010517  clearObstacle                              
0000fb99  clearRam                                   
000103fb  clearRhino                                 
0000ec5d  clearSnake                                 
00014479  close                                      
00011ef9  configurePushButtons                       
00011f35  configureTimerA                            
0000dec0  continuousModeConfig                       
0001532d  copysign                                   
0001532d  copysignl                                  
20007090  currentPosition                            
00012ea3  delete_begin                               
20007094  direzione                                  
00012e21  display                                    
0000ee29  drawApple                                  
00010715  drawBall                                   
0000fa67  drawFloppyDisk                             
0000fa57  drawFloppyDiskBackground                   
00010209  drawInitialRhino                           
0001161d  drawLogo                                   
00011761  drawMenu                                   
000104e1  drawObstacle                               
00010665  drawPongBackground                         
000106c5  drawPongEnemy                              
00010915  drawPongInitial                            
00010675  drawPongUser                               
0000fa7f  drawRam                                    
00011979  drawRect                                   
000103b7  drawRhino                                  
000103a7  drawRhinoBackground                        
00011913  drawScore                                  
0000fb13  drawScoreF                                 
000118f3  drawScoreText                              
0000ec4d  drawSnakeBackground                        
0000ecc3  drawSnakeCell                              
0000ecdf  drawSnakeFull                              
0000f035  drawSnakeInitial                           
20006a54  errno                                      
000148f9  exit                                       
00014fa5  finddevice                                 
2000707c  floppyDisk                                 
00013a51  fputc                                      
00012ae9  fputs                                      
0001332d  free                                       
0001422d  frexp                                      
0001422d  frexpl                                     
00014291  fseek                                      
20007060  g_sContext                                 
200069b8  g_sCrystalfontz128x128                     
0000ddc8  g_sCrystalfontz128x128_funcs               
0000d8a0  g_sFontFixed6x8                            
200070be  gameOver                                   
0000ed5d  generateRandomApple                        
00011957  getButtons                                 
000112a5  getElem                                    
00011307  getFirstElem                               
00011341  getLastElem                                
00011869  getTimeMils                                
00014a9d  getdevice                                  
20007098  head                                       
0000de78  i2cConfig                                  
0000ded0  imageBackground                            
0000dee0  imageBird                                  
0000def0  imageCactus                                
0000df00  imageFloppyDisk                            
0000df10  imageFloppyDiskBackground                  
0000df20  imageGameOver                              
0000df30  imageLogo                                  
0000df40  imagePongBackground                        
0000df50  imagePongBall                              
0000df60  imagePongEnemy                             
0000df70  imagePongTitle                             
0000df80  imagePongUser                              
200069c8  imageRam                                   
200069d8  imageRino                                  
0000df90  imageRinoBackground                        
0000dfa0  imageSnakeApple                            
0000dfb0  imageSnakeBackground                       
0000dfc0  imageSnakeBody                             
0000dfd0  imageSnakeTitle                            
200069e8  imageTextFloppyDisk                        
200069f8  imageTextPong                              
20006a08  imageTextRhino                             
0000dfe0  imageTextSelectGame                        
20006a18  imageTextSnake                             
0000dff0  imagetitleRhino                            
00010641  initBall                                   
0000f995  initFloppyDisk                             
00011a21  initGameData                               
000111bd  initList                                   
00010369  initObstacle                               
00010345  initRhino                                  
0000eae9  initSnakeBody                              
00011735  initTextImages                             
00012e5f  insert_end                                 
00000000  interruptVectors                           
000108d1  invertBallXDirection                       
000108e5  invertBallYDirection                       
2000709c  lastMove                                   
00012d11  ldexp                                      
00012d11  ldexpl                                     
0001517d  lseek                                      
200070a0  lux                                        
0001555d  main                                       
000155dd  malloc                                     
00013035  memalign                                   
000152a9  memccpy                                    
00015215  memchr                                     
0001391f  memcpy                                     
00013d81  memset                                     
00010811  moveBall                                   
0000f9fd  moveDownFloppyDisk                         
000107a9  moveEnemy                                  
0000fa1d  moveRam                                    
0000eb6b  moveSnake                                  
0000f9df  moveUpFloppyDisk                           
00010761  moveUser                                   
20007084  parmbuf                                    
0001125d  pop                                        
200070a4  portionSize                                
000117e9  printText                                  
000117ff  printTextInverse                           
000141c5  printf                                     
200070a8  prova                                      
000111df  push                                       
00013a51  putc                                       
00014ee1  rand                                       
000118d3  random                                     
00015089  remove                                     
0000f8ed  runFloppyDisk                              
0001169f  runMenu                                    
00010941  runPong                                    
00010221  runRhino                                   
0000f051  runSnake                                   
00012d11  scalbn                                     
00012d11  scalbnl                                    
200070ac  score                                      
200070b0  selected                                   
00013411  setvbuf                                    
00014be1  sprintf                                    
000151f1  srand                                      
00011109  stampa                                     
0001546f  strchr                                     
00015391  strcmp                                     
000154c1  strcpy                                     
000154d5  strlen                                     
00014d3f  strncpy                                    
20007020  texts                                      
0001556d  time                                       
00015089  unlink                                     
000108f9  updateBallY                                
000117b7  updateMenu                                 
0001060d  updateObstacle                             
00010479  updateRhino                                
00011873  wait                                       
000154fb  wcslen                                     
000151a5  write                                      


GLOBAL SYMBOLS: SORTED BY Symbol Address 

address   name                                       
-------   ----                                       
00000000  __TI_static_base__                         
00000000  interruptVectors                           
00000200  __STACK_SIZE                               
00000400  __SYSMEM_SIZE                              
0000d6bc  _ctypes_                                   
0000d8a0  g_sFontFixed6x8                            
0000ddc8  g_sCrystalfontz128x128_funcs               
0000de78  i2cConfig                                  
0000dec0  continuousModeConfig                       
0000ded0  imageBackground                            
0000dee0  imageBird                                  
0000def0  imageCactus                                
0000df00  imageFloppyDisk                            
0000df10  imageFloppyDiskBackground                  
0000df20  imageGameOver                              
0000df30  imageLogo                                  
0000df40  imagePongBackground                        
0000df50  imagePongBall                              
0000df60  imagePongEnemy                             
0000df70  imagePongTitle                             
0000df80  imagePongUser                              
0000df90  imageRinoBackground                        
0000dfa0  imageSnakeApple                            
0000dfb0  imageSnakeBackground                       
0000dfc0  imageSnakeBody                             
0000dfd0  imageSnakeTitle                            
0000dfe0  imageTextSelectGame                        
0000dff0  imagetitleRhino                            
0000e099  __TI_printfi                               
0000eae7  _nop                                       
0000eae9  initSnakeBody                              
0000eb1b  checkIfOpposite                            
0000eb6b  moveSnake                                  
0000ec4d  drawSnakeBackground                        
0000ec5d  clearSnake                                 
0000ecc3  drawSnakeCell                              
0000ecdf  drawSnakeFull                              
0000ed5d  generateRandomApple                        
0000ee29  drawApple                                  
0000ee4f  checkAppleCollision                        
0000eec1  checkBorderCollision                       
0000ef6d  checkSnakeCollision                        
0000f035  drawSnakeInitial                           
0000f051  runSnake                                   
0000f26d  Crystalfontz128x128_Init                   
0000f381  Crystalfontz128x128_SetDrawFrame           
0000f4af  Crystalfontz128x128_SetOrientation         
0000f8ed  runFloppyDisk                              
0000f995  initFloppyDisk                             
0000f9df  moveUpFloppyDisk                           
0000f9fd  moveDownFloppyDisk                         
0000fa1d  moveRam                                    
0000fa57  drawFloppyDiskBackground                   
0000fa67  drawFloppyDisk                             
0000fa7f  drawRam                                    
0000fb13  drawScoreF                                 
0000fb57  clearFloppyDisk                            
0000fb99  clearRam                                   
0000fc69  checkBorderCollisionF                      
0000fc9d  checkRamCollisionF                         
0000fd89  Graphics_drawString                        
00010207  __aeabi_idiv0                              
00010207  __aeabi_ldiv0                              
00010209  drawInitialRhino                           
00010221  runRhino                                   
00010345  initRhino                                  
00010369  initObstacle                               
000103a7  drawRhinoBackground                        
000103b7  drawRhino                                  
000103fb  clearRhino                                 
00010479  updateRhino                                
000104e1  drawObstacle                               
00010517  clearObstacle                              
00010565  checkIfObstacleEnds                        
00010599  checkYCollision                            
000105c9  checkRhinoCollision                        
0001060d  updateObstacle                             
00010641  initBall                                   
00010665  drawPongBackground                         
00010675  drawPongUser                               
000106c5  drawPongEnemy                              
00010715  drawBall                                   
00010761  moveUser                                   
000107a9  moveEnemy                                  
00010811  moveBall                                   
00010833  checkUserCollision                         
00010875  checkEnemyCollision                        
000108b7  checkPongBorderCollision                   
000108d1  invertBallXDirection                       
000108e5  invertBallYDirection                       
000108f9  updateBallY                                
00010915  drawPongInitial                            
00010941  runPong                                    
00010a45  Graphics_drawImage                         
00010dd5  SystemCoreClockUpdate                      
0001104d  SystemInit                                 
00011109  stampa                                     
000111bd  initList                                   
000111df  push                                       
0001125d  pop                                        
000112a5  getElem                                    
00011307  getFirstElem                               
00011341  getLastElem                                
0001161d  drawLogo                                   
00011647  cleanDisplayGame                           
0001169f  runMenu                                    
00011735  initTextImages                             
00011761  drawMenu                                   
000117b7  updateMenu                                 
000117e9  printText                                  
000117ff  printTextInverse                           
00011869  getTimeMils                                
00011873  wait                                       
000118d3  random                                     
000118f3  drawScoreText                              
00011913  drawScore                                  
00011957  getButtons                                 
00011979  drawRect                                   
000119bb  checkLastMove                              
00011a21  initGameData                               
00011a2f  TA2_N_IRQHandler                           
00011a2f  TA2_N_IRQHandler                           
00011a39  ADC14_IRQHandler                           
00011a39  ADC14_IRQHandler                           
00011c79  __aeabi_dsub                               
00011c83  __aeabi_dadd                               
00011e31  _adcInit                                   
00011e9f  _graphicsInit                              
00011ed9  _lightSensorInit                           
00011ef9  configurePushButtons                       
00011f35  configureTimerA                            
00011f4f  _hwInit                                    
000123cd  OPT3001_init                               
000123e1  OPT3001_readManufacturerId                 
000123f1  OPT3001_readDeviceId                       
00012401  OPT3001_readConfigReg                      
00012411  OPT3001_readLowLimitReg                    
00012421  OPT3001_readHighLimitReg                   
00012431  OPT3001_getLux                             
00012645  __aeabi_ddiv                               
0001277d  CS_initClockSignal                         
000129d1  Init_I2C_GPIO                              
000129e9  I2C_init                                   
00012a01  I2C_read16                                 
00012a87  I2C_write16                                
00012acb  I2C_setslave                               
00012ae9  fputs                                      
00012bfd  Graphics_fillRectangle                     
00012d11  ldexp                                      
00012d11  ldexpl                                     
00012d11  scalbn                                     
00012d11  scalbnl                                    
00012e21  display                                    
00012e5f  insert_end                                 
00012ea3  delete_begin                               
00013035  aligned_alloc                              
00013035  memalign                                   
00013135  __aeabi_dmul                               
00013231  Graphics_getStringWidth                    
0001332d  free                                       
00013411  setvbuf                                    
000134ed  HAL_LCD_PortInit                           
0001351d  HAL_LCD_SpiInit                            
00013553  HAL_LCD_writeCommand                       
00013583  HAL_LCD_writeData                          
000135b9  ADC14_configureConversionMemory            
0001366d  ADC14_configureMultiSequenceMode           
000137d3  SPI_initMaster                             
00013883  Graphics_drawLineH                         
0001391f  __aeabi_memcpy                             
0001391f  __aeabi_memcpy4                            
0001391f  __aeabi_memcpy8                            
0001391f  memcpy                                     
000139bb  __aeabi_uldivmod                           
00013a51  fputc                                      
00013a51  putc                                       
00013add  GPIO_setAsPeripheralModuleFunctionInputPin 
00013b65  GPIO_setAsPeripheralModuleFunctionOutputPin
00013bed  __aeabi_cdcmpeq                            
00013bed  __aeabi_cdcmple                            
00013c73  __aeabi_cdrcmple                           
00013cf9  Interrupt_enableInterrupt                  
00013d79  __aeabi_memclr                             
00013d79  __aeabi_memclr4                            
00013d79  __aeabi_memclr8                            
00013d7b  __aeabi_memset                             
00013d7b  __aeabi_memset4                            
00013d7b  __aeabi_memset8                            
00013d81  memset                                     
00013df5  __TI_closefile                             
00013fb5  HOSTrename                                 
00014021  I2C_masterSendMultiByteFinish              
0001408d  HOSTlseek                                  
000140f5  I2C_masterSendMultiByteStart               
0001415d  __TI_decompress_lzss                       
000141c5  printf                                     
0001422d  frexp                                      
0001422d  frexpl                                     
00014291  fseek                                      
000142f5  I2C_initMaster                             
00014357  __TI_wrt_ok                                
000143b9  HOSTopen                                   
00014419  PCM_getCoreVoltageLevel                    
00014479  close                                      
000144d5  PCM_getPowerMode                           
00014531  HOSTread                                   
00014589  HOSTwrite                                  
00014639  ADC14_initModule                           
0001468d  __TI_ltoa                                  
000146e1  Graphics_initContext                       
00014785  Timer_A_getCounterValue                    
000147d1  __TI_doflush                               
0001481d  atoi                                       
00014869  Graphics_drawStringCentered                
000148b1  HOSTtime                                   
000148f9  exit                                       
00014941  __aeabi_d2iz                               
00014989  Graphics_drawMultiplePixelsOnDisplay       
000149d1  HOSTclose                                  
00014a15  HOSTunlink                                 
00014a59  __TI_auto_init_nobinit_nopinit             
00014a9d  getdevice                                  
00014ae1  GPIO_setAsOutputPin                        
00014b61  I2C_masterReceiveMultiByteFinish           
00014be1  sprintf                                    
00014c61  ADC14_getEnabledInterruptStatus            
00014c99  I2C_masterSendMultiByteStop                
00014cd1  __TI_writemsg                              
00014cff  C$$IO$$                                    
00014d09  Graphics_drawHorizontalLineOnDisplay       
00014d3f  strncpy                                    
00014d75  ADC14_enableSampleTimer                    
00014da9  CS_setDCOCenteredFrequency                 
00014ddd  I2C_masterSendMultiByteNext                
00014e11  Timer_A_configureContinuousMode            
00014e45  __TI_cleanup                               
00014e79  __TI_readmsg                               
00014ead  _c_int00_noargs                            
00014ee1  rand                                       
00014f15  ADC14_clearInterruptFlag                   
00014f45  ADC14_enableInterrupt                      
00014f75  GPIO_getInputPinValue                      
00014fa5  finddevice                                 
00014fd5  __aeabi_i2d                                
00015005  ADC14_getInterruptStatus                   
00015031  ADC14_toggleConversionTrigger              
0001505d  Graphics_drawPixelOnDisplay                
00015089  remove                                     
00015089  unlink                                     
000150b5  ADC14_enableConversion                     
000150dd  ADC14_getResult                            
00015105  GPIO_setOutputHighOnPin                    
0001512d  GPIO_setOutputLowOnPin                     
0001517d  lseek                                      
000151a5  write                                      
000151cd  WDT_A_holdTimer                            
000151f1  srand                                      
00015215  memchr                                     
00015235  Graphics_fillRectangleOnDisplay            
00015253  I2C_setMode                                
0001526f  SPI_enableModule                           
000152a9  memccpy                                    
000152c5  Graphics_clearDisplayOnDisplay             
000152df  Graphics_setBackgroundColor                
000152f9  Graphics_setFont                           
00015313  I2C_masterReceiveStart                     
0001532d  copysign                                   
0001532d  copysignl                                  
00015347  I2C_getInterruptStatus                     
00015361  I2C_isBusBusy                              
00015391  strcmp                                     
000153a9  EUSCI_A_SPI_enable                         
000153bf  EUSCI_B_SPI_enable                         
000153d5  Graphics_setForegroundColor                
000153eb  Graphics_translateColorOnDisplay           
00015401  I2C_clearInterruptFlag                     
00015417  I2C_disableModule                          
0001542d  I2C_enableModule                           
00015443  Timer_A_clearInterruptFlag                 
00015459  Timer_A_startCounter                       
0001546f  strchr                                     
00015485  I2C_masterReceiveMultiByteNext             
00015499  I2C_setSlaveAddress                        
000154ad  PCM_getPowerState                          
000154c1  strcpy                                     
000154d5  strlen                                     
000154e9  Graphics_clearDisplay                      
000154fb  wcslen                                     
0001551d  Interrupt_disableMaster                    
0001552d  Interrupt_enableMaster                     
0001553d  PCM_setCoreVoltageLevel                    
0001554d  PCM_setPowerMode                           
0001555d  main                                       
0001556d  __time32                                   
0001556d  time                                       
0001557b  __TI_decompress_none                       
00015589  Reset_Handler                              
00015595  AES256_IRQHandler                          
00015595  BusFault_Handler                           
00015595  COMP_E0_IRQHandler                         
00015595  COMP_E1_IRQHandler                         
00015595  CS_IRQHandler                              
00015595  DMA_ERR_IRQHandler                         
00015595  DMA_INT0_IRQHandler                        
00015595  DMA_INT1_IRQHandler                        
00015595  DMA_INT2_IRQHandler                        
00015595  DMA_INT3_IRQHandler                        
00015595  DebugMon_Handler                           
00015595  Default_Handler                            
00015595  EUSCIA0_IRQHandler                         
00015595  EUSCIA1_IRQHandler                         
00015595  EUSCIA2_IRQHandler                         
00015595  EUSCIA3_IRQHandler                         
00015595  EUSCIB0_IRQHandler                         
00015595  EUSCIB1_IRQHandler                         
00015595  EUSCIB2_IRQHandler                         
00015595  EUSCIB3_IRQHandler                         
00015595  FLCTL_IRQHandler                           
00015595  FPU_IRQHandler                             
00015595  HardFault_Handler                          
00015595  MemManage_Handler                          
00015595  NMI_Handler                                
00015595  PCM_IRQHandler                             
00015595  PORT1_IRQHandler                           
00015595  PORT2_IRQHandler                           
00015595  PORT3_IRQHandler                           
00015595  PORT4_IRQHandler                           
00015595  PORT5_IRQHandler                           
00015595  PORT6_IRQHandler                           
00015595  PSS_IRQHandler                             
00015595  PendSV_Handler                             
00015595  RTC_C_IRQHandler                           
00015595  SVC_Handler                                
00015595  SysTick_Handler                            
00015595  T32_INT1_IRQHandler                        
00015595  T32_INT2_IRQHandler                        
00015595  T32_INTC_IRQHandler                        
00015595  TA0_0_IRQHandler                           
00015595  TA0_N_IRQHandler                           
00015595  TA1_0_IRQHandler                           
00015595  TA1_N_IRQHandler                           
00015595  TA2_0_IRQHandler                           
00015595  TA3_0_IRQHandler                           
00015595  TA3_N_IRQHandler                           
00015595  UsageFault_Handler                         
00015595  WDT_A_IRQHandler                           
00015599  ADC14_enableModule                         
000155a5  CPU_cpsid                                  
000155b1  CPU_cpsie                                  
000155bd  __TI_zero_init                             
000155d5  __aeabi_errno_addr                         
000155dd  malloc                                     
000155ed  _system_pre_init                           
000155f1  C$$EXIT                                    
000155f1  abort                                      
0001578c  __TI_Handler_Table_Base                    
00015798  __TI_Handler_Table_Limit                   
000157a0  __TI_CINIT_Base                            
000157b0  __TI_CINIT_Limit                           
20000000  __start___llvm_prf_cnts                    
20000000  __stop___llvm_prf_cnts                     
20006800  _ftable                                    
200068f0  _device                                    
20006968  _stream                                    
200069b8  g_sCrystalfontz128x128                     
200069c8  imageRam                                   
200069d8  imageRino                                  
200069e8  imageTextFloppyDisk                        
200069f8  imageTextPong                              
20006a08  imageTextRhino                             
20006a18  imageTextSnake                             
20006a28  __TI_ft_end                                
20006a2c  __aeabi_stdin                              
20006a30  __aeabi_stdout                             
20006a34  __aeabi_stderr                             
20006a38  __TI_cleanup_ptr                           
20006a3c  __TI_dtors_ptr                             
20006a40  __TI_enable_exit_profile_output            
20006a44  _lock                                      
20006a48  _unlock                                    
20006a54  errno                                      
20006a5c  SystemCoreClock                            
20006e60  __CIOBUF_                                  
20006f80  __TI_tmpnams                               
20007020  texts                                      
20007060  g_sContext                                 
2000707c  floppyDisk                                 
20007084  parmbuf                                    
20007090  currentPosition                            
20007094  direzione                                  
20007098  head                                       
2000709c  lastMove                                   
200070a0  lux                                        
200070a4  portionSize                                
200070a8  prova                                      
200070ac  score                                      
200070b0  selected                                   
200070b4  Lcd_ScreenHeigth                           
200070b6  Lcd_ScreenWidth                            
200070b8  Lcd_TouchTrim                              
200070ba  Lcd_FlagRead                               
200070bb  Lcd_FontSolid                              
200070bc  Lcd_Orientation                            
200070bd  Lcd_PenSolid                               
200070be  gameOver                                   
200070c0  _sys_memory                                
2000fe00  __stack                                    
20010000  __STACK_END                                
4000480c  WDTCTL_SYM                                 
ffffffff  __TI_pprof_out_hndl                        
ffffffff  __TI_prof_data_size                        
ffffffff  __TI_prof_data_start                       
ffffffff  __binit__                                  
ffffffff  __c_args__                                 
ffffffff  binit                                      
UNDEFED   __mpu_init                                 
UNDEFED   _system_post_cinit                         

[417 symbols]
